Archive member included to satisfy reference by file (symbol)

/home/mrem/Desktop/makeself_dir_k5fivQ/y/plugins/com.st.stm32cube.ide.mcu.externaltools.gnu-tools-for-stm32.9-2020-q2-update.linux64_2.0.0.202105311346/tools/bin/../lib/gcc/arm-none-eabi/9.3.1/../../../../arm-none-eabi/lib/thumb/v7e-m+fp/hard/libc_nano.a(lib_a-errno.o)
                              ./Core/Src/syscalls.o (__errno)
/home/mrem/Desktop/makeself_dir_k5fivQ/y/plugins/com.st.stm32cube.ide.mcu.externaltools.gnu-tools-for-stm32.9-2020-q2-update.linux64_2.0.0.202105311346/tools/bin/../lib/gcc/arm-none-eabi/9.3.1/../../../../arm-none-eabi/lib/thumb/v7e-m+fp/hard/libc_nano.a(lib_a-exit.o)
                              /home/mrem/Desktop/makeself_dir_k5fivQ/y/plugins/com.st.stm32cube.ide.mcu.externaltools.gnu-tools-for-stm32.9-2020-q2-update.linux64_2.0.0.202105311346/tools/bin/../lib/gcc/arm-none-eabi/9.3.1/../../../../arm-none-eabi/lib/thumb/v7e-m+fp/hard/crt0.o (exit)
/home/mrem/Desktop/makeself_dir_k5fivQ/y/plugins/com.st.stm32cube.ide.mcu.externaltools.gnu-tools-for-stm32.9-2020-q2-update.linux64_2.0.0.202105311346/tools/bin/../lib/gcc/arm-none-eabi/9.3.1/../../../../arm-none-eabi/lib/thumb/v7e-m+fp/hard/libc_nano.a(lib_a-impure.o)
                              /home/mrem/Desktop/makeself_dir_k5fivQ/y/plugins/com.st.stm32cube.ide.mcu.externaltools.gnu-tools-for-stm32.9-2020-q2-update.linux64_2.0.0.202105311346/tools/bin/../lib/gcc/arm-none-eabi/9.3.1/../../../../arm-none-eabi/lib/thumb/v7e-m+fp/hard/libc_nano.a(lib_a-exit.o) (_global_impure_ptr)
/home/mrem/Desktop/makeself_dir_k5fivQ/y/plugins/com.st.stm32cube.ide.mcu.externaltools.gnu-tools-for-stm32.9-2020-q2-update.linux64_2.0.0.202105311346/tools/bin/../lib/gcc/arm-none-eabi/9.3.1/../../../../arm-none-eabi/lib/thumb/v7e-m+fp/hard/libc_nano.a(lib_a-init.o)
                              /home/mrem/Desktop/makeself_dir_k5fivQ/y/plugins/com.st.stm32cube.ide.mcu.externaltools.gnu-tools-for-stm32.9-2020-q2-update.linux64_2.0.0.202105311346/tools/bin/../lib/gcc/arm-none-eabi/9.3.1/../../../../arm-none-eabi/lib/thumb/v7e-m+fp/hard/crt0.o (__libc_init_array)
/home/mrem/Desktop/makeself_dir_k5fivQ/y/plugins/com.st.stm32cube.ide.mcu.externaltools.gnu-tools-for-stm32.9-2020-q2-update.linux64_2.0.0.202105311346/tools/bin/../lib/gcc/arm-none-eabi/9.3.1/../../../../arm-none-eabi/lib/thumb/v7e-m+fp/hard/libc_nano.a(lib_a-memset.o)
                              /home/mrem/Desktop/makeself_dir_k5fivQ/y/plugins/com.st.stm32cube.ide.mcu.externaltools.gnu-tools-for-stm32.9-2020-q2-update.linux64_2.0.0.202105311346/tools/bin/../lib/gcc/arm-none-eabi/9.3.1/../../../../arm-none-eabi/lib/thumb/v7e-m+fp/hard/crt0.o (memset)
/home/mrem/Desktop/makeself_dir_k5fivQ/y/plugins/com.st.stm32cube.ide.mcu.externaltools.gnu-tools-for-stm32.9-2020-q2-update.linux64_2.0.0.202105311346/tools/bin/../lib/gcc/arm-none-eabi/9.3.1/../../../../arm-none-eabi/lib/thumb/v7e-m+fp/hard/libc_nano.a(lib_a-sprintf.o)
                              ./Core/Src/PWM_I2C.o (sprintf)
/home/mrem/Desktop/makeself_dir_k5fivQ/y/plugins/com.st.stm32cube.ide.mcu.externaltools.gnu-tools-for-stm32.9-2020-q2-update.linux64_2.0.0.202105311346/tools/bin/../lib/gcc/arm-none-eabi/9.3.1/../../../../arm-none-eabi/lib/thumb/v7e-m+fp/hard/libc_nano.a(lib_a-strlen.o)
                              ./Core/Src/PWM_I2C.o (strlen)
/home/mrem/Desktop/makeself_dir_k5fivQ/y/plugins/com.st.stm32cube.ide.mcu.externaltools.gnu-tools-for-stm32.9-2020-q2-update.linux64_2.0.0.202105311346/tools/bin/../lib/gcc/arm-none-eabi/9.3.1/../../../../arm-none-eabi/lib/thumb/v7e-m+fp/hard/libc_nano.a(lib_a-nano-svfprintf.o)
                              /home/mrem/Desktop/makeself_dir_k5fivQ/y/plugins/com.st.stm32cube.ide.mcu.externaltools.gnu-tools-for-stm32.9-2020-q2-update.linux64_2.0.0.202105311346/tools/bin/../lib/gcc/arm-none-eabi/9.3.1/../../../../arm-none-eabi/lib/thumb/v7e-m+fp/hard/libc_nano.a(lib_a-sprintf.o) (_svfprintf_r)
/home/mrem/Desktop/makeself_dir_k5fivQ/y/plugins/com.st.stm32cube.ide.mcu.externaltools.gnu-tools-for-stm32.9-2020-q2-update.linux64_2.0.0.202105311346/tools/bin/../lib/gcc/arm-none-eabi/9.3.1/../../../../arm-none-eabi/lib/thumb/v7e-m+fp/hard/libc_nano.a(lib_a-nano-vfprintf_i.o)
                              /home/mrem/Desktop/makeself_dir_k5fivQ/y/plugins/com.st.stm32cube.ide.mcu.externaltools.gnu-tools-for-stm32.9-2020-q2-update.linux64_2.0.0.202105311346/tools/bin/../lib/gcc/arm-none-eabi/9.3.1/../../../../arm-none-eabi/lib/thumb/v7e-m+fp/hard/libc_nano.a(lib_a-nano-svfprintf.o) (_printf_i)
/home/mrem/Desktop/makeself_dir_k5fivQ/y/plugins/com.st.stm32cube.ide.mcu.externaltools.gnu-tools-for-stm32.9-2020-q2-update.linux64_2.0.0.202105311346/tools/bin/../lib/gcc/arm-none-eabi/9.3.1/../../../../arm-none-eabi/lib/thumb/v7e-m+fp/hard/libc_nano.a(lib_a-memchr.o)
[...]
Memory Configuration

Name             Origin             Length             Attributes
CCMRAM           0x0000000010000000 0x0000000000010000 xrw
RAM              0x0000000020000000 0x0000000000020000 xrw
FLASH            0x0000000008000000 0x0000000000100000 xr
*default*        0x0000000000000000 0xffffffffffffffff

Linker script and memory map

LOAD /home/mrem/Desktop/makeself_dir_k5fivQ/y/plugins/com.st.stm32cube.ide.mcu.externaltools.gnu-tools-for-stm32.9-2020-q2-update.linux64_2.0.0.202105311346/tools/bin/../lib/gcc/arm-none-eabi/9.3.1/thumb/v7e-m+fp/hard/crti.o
LOAD /home/mrem/Desktop/makeself_dir_k5fivQ/y/plugins/com.st.stm32cube.ide.mcu.externaltools.gnu-tools-for-stm32.9-2020-q2-update.linux64_2.0.0.202105311346/tools/bin/../lib/gcc/arm-none-eabi/9.3.1/thumb/v7e-m+fp/hard/crtbegin.o
LOAD /home/mrem/Desktop/makeself_dir_k5fivQ/y/plugins/com.st.stm32cube.ide.mcu.externaltools.gnu-tools-for-stm32.9-2020-q2-update.linux64_2.0.0.202105311346/tools/bin/../lib/gcc/arm-none-eabi/9.3.1/../../../../arm-none-eabi/lib/thumb/v7e-m+fp/hard/crt0.o
LOAD ./Core/Src/PWM_I2C.o
LOAD ./Core/Src/main.o
LOAD ./Core/Src/stm32f4xx_hal_msp.o
LOAD ./Core/Src/stm32f4xx_it.o
LOAD ./Core/Src/syscalls.o
LOAD ./Core/Src/sysmem.o
LOAD ./Core/Src/system_stm32f4xx.o
LOAD ./Core/Startup/startup_stm32f407vgtx.o
LOAD ./Drivers/STM32F4xx_HAL_Driver/Src/stm32f4xx_hal.o
LOAD ./Drivers/STM32F4xx_HAL_Driver/Src/stm32f4xx_hal_cortex.o
LOAD ./Drivers/STM32F4xx_HAL_Driver/Src/stm32f4xx_hal_dma.o
LOAD ./Drivers/STM32F4xx_HAL_Driver/Src/stm32f4xx_hal_dma_ex.o
LOAD ./Drivers/STM32F4xx_HAL_Driver/Src/stm32f4xx_hal_exti.o
LOAD ./Drivers/STM32F4xx_HAL_Driver/Src/stm32f4xx_hal_flash.o
LOAD ./Drivers/STM32F4xx_HAL_Driver/Src/stm32f4xx_hal_flash_ex.o
LOAD ./Drivers/STM32F4xx_HAL_Driver/Src/stm32f4xx_hal_flash_ramfunc.o
LOAD ./Drivers/STM32F4xx_HAL_Driver/Src/stm32f4xx_hal_gpio.o
LOAD ./Drivers/STM32F4xx_HAL_Driver/Src/stm32f4xx_hal_i2c.o
LOAD ./Drivers/STM32F4xx_HAL_Driver/Src/stm32f4xx_hal_i2c_ex.o
LOAD ./Drivers/STM32F4xx_HAL_Driver/Src/stm32f4xx_hal_pwr.o
LOAD ./Drivers/STM32F4xx_HAL_Driver/Src/stm32f4xx_hal_pwr_ex.o
LOAD ./Drivers/STM32F4xx_HAL_Driver/Src/stm32f4xx_hal_rcc.o
LOAD ./Drivers/STM32F4xx_HAL_Driver/Src/stm32f4xx_hal_rcc_ex.o
LOAD ./Drivers/STM32F4xx_HAL_Driver/Src/stm32f4xx_hal_tim.o
LOAD ./Drivers/STM32F4xx_HAL_Driver/Src/stm32f4xx_hal_tim_ex.o
LOAD ./Drivers/STM32F4xx_HAL_Driver/Src/stm32f4xx_hal_uart.o
START GROUP
LOAD /home/mrem/Desktop/makeself_dir_k5fivQ/y/plugins/com.st.stm32cube.ide.mcu.externaltools.gnu-tools-for-stm32.9-2020-q2-update.linux64_2.0.0.202105311346/tools/bin/../lib/gcc/arm-none-eabi/9.3.1/../../../../arm-none-eabi/lib/thumb/v7e-m+fp/hard/libc_nano.a
LOAD /home/mrem/Desktop/makeself_dir_k5fivQ/y/plugins/com.st.stm32cube.ide.mcu.externaltools.gnu-tools-for-stm32.9-2020-q2-update.linux64_2.0.0.202105311346/tools/bin/../lib/gcc/arm-none-eabi/9.3.1/../../../../arm-none-eabi/lib/thumb/v7e-m+fp/hard/libm.a
END GROUP
START GROUP
LOAD /home/mrem/Desktop/makeself_dir_k5fivQ/y/plugins/com.st.stm32cube.ide.mcu.externaltools.gnu-tools-for-stm32.9-2020-q2-update.linux64_2.0.0.202105311346/tools/bin/../lib/gcc/arm-none-eabi/9.3.1/thumb/v7e-m+fp/hard/libgcc.a
LOAD /home/mrem/Desktop/makeself_dir_k5fivQ/y/plugins/com.st.stm32cube.ide.mcu.externaltools.gnu-tools-for-stm32.9-2020-q2-update.linux64_2.0.0.202105311346/tools/bin/../lib/gcc/arm-none-eabi/9.3.1/../../../../arm-none-eabi/lib/thumb/v7e-m+fp/hard/libc_nano.a
END GROUP
START GROUP
LOAD /home/mrem/Desktop/makeself_dir_k5fivQ/y/plugins/com.st.stm32cube.ide.mcu.externaltools.gnu-tools-for-stm32.9-2020-q2-update.linux64_2.0.0.202105311346/tools/bin/../lib/gcc/arm-none-eabi/9.3.1/thumb/v7e-m+fp/hard/libgcc.a
LOAD /home/mrem/Desktop/makeself_dir_k5fivQ/y/plugins/com.st.stm32cube.ide.mcu.externaltools.gnu-tools-for-stm32.9-2020-q2-update.linux64_2.0.0.202105311346/tools/bin/../lib/gcc/arm-none-eabi/9.3.1/../../../../arm-none-eabi/lib/thumb/v7e-m+fp/hard/libc_nano.a
LOAD /home/mrem/Desktop/makeself_dir_k5fivQ/y/plugins/com.st.stm32cube.ide.mcu.externaltools.gnu-tools-for-stm32.9-2020-q2-update.linux64_2.0.0.202105311346/tools/bin/../lib/gcc/arm-none-eabi/9.3.1/../../../../arm-none-eabi/lib/thumb/v7e-m+fp/hard/libnosys.a
END GROUP
START GROUP
LOAD /home/mrem/Desktop/makeself_dir_k5fivQ/y/plugins/com.st.stm32cube.ide.mcu.externaltools.gnu-tools-for-stm32.9-2020-q2-update.linux64_2.0.0.202105311346/tools/bin/../lib/gcc/arm-none-eabi/9.3.1/thumb/v7e-m+fp/hard/libgcc.a
LOAD /home/mrem/Desktop/makeself_dir_k5fivQ/y/plugins/com.st.stm32cube.ide.mcu.externaltools.gnu-tools-for-stm32.9-2020-q2-update.linux64_2.0.0.202105311346/tools/bin/../lib/gcc/arm-none-eabi/9.3.1/../../../../arm-none-eabi/lib/thumb/v7e-m+fp/hard/libc_nano.a
LOAD /home/mrem/Desktop/makeself_dir_k5fivQ/y/plugins/com.st.stm32cube.ide.mcu.externaltools.gnu-tools-for-stm32.9-2020-q2-update.linux64_2.0.0.202105311346/tools/bin/../lib/gcc/arm-none-eabi/9.3.1/../../../../arm-none-eabi/lib/thumb/v7e-m+fp/hard/libnosys.a
END GROUP
LOAD /home/mrem/Desktop/makeself_dir_k5fivQ/y/plugins/com.st.stm32cube.ide.mcu.externaltools.gnu-tools-for-stm32.9-2020-q2-update.linux64_2.0.0.202105311346/tools/bin/../lib/gcc/arm-none-eabi/9.3.1/thumb/v7e-m+fp/hard/crtend.o
LOAD /home/mrem/Desktop/makeself_dir_k5fivQ/y/plugins/com.st.stm32cube.ide.mcu.externaltools.gnu-tools-for-stm32.9-2020-q2-update.linux64_2.0.0.202105311346/tools/bin/../lib/gcc/arm-none-eabi/9.3.1/thumb/v7e-m+fp/hard/crtn.o
                0x0000000020020000                _estack = (ORIGIN (RAM) + LENGTH (RAM))
                0x0000000000000200                _Min_Heap_Size = 0x200
                0x0000000000000400                _Min_Stack_Size = 0x400

.isr_vector     0x0000000008000000      0x188
                0x0000000008000000                . = ALIGN (0x4)
 *(.isr_vector)
 .isr_vector    0x0000000008000000      0x188 ./Core/Startup/startup_stm32f407vgtx.o
                0x0000000008000000                g_pfnVectors
                0x0000000008000188                . = ALIGN (0x4)

.text           0x0000000008000190     0x4a90
                0x0000000008000190                . = ALIGN (0x4)
 *(.text)
 .text          0x0000000008000190       0x40 /home/mrem/Desktop/makeself_dir_k5fivQ/y/plugins/com.st.stm32cube.ide.mcu.externaltools.gnu-tools-for-stm32.9-2020-q2-update.linux64_2.0.0.202105311346/tools/bin/../lib/gcc/arm-none-eabi/9.3.1/thumb/v7e-m+fp/hard/crtbegin.o
 .text          0x00000000080001d0       0x10 /home/mrem/Desktop/makeself_dir_k5fivQ/y/plugins/com.st.stm32cube.ide.mcu.externaltools.gnu-tools-for-stm32.9-2020-q2-update.linux64_2.0.0.202105311346/tools/bin/../lib/gcc/arm-none-eabi/9.3.1/../../../../arm-none-eabi/lib/thumb/v7e-m+fp/hard/libc_nano.a(lib_a-strlen.o)
                0x00000000080001d0                strlen
 .text          0x00000000080001e0       0xa0 /home/mrem/Desktop/makeself_dir_k5fivQ/y/plugins/com.st.stm32cube.ide.mcu.externaltools.gnu-tools-for-stm32.9-2020-q2-update.linux64_2.0.0.202105311346/tools/bin/../lib/gcc/arm-none-eabi/9.3.1/../../../../arm-none-eabi/lib/thumb/v7e-m+fp/hard/libc_nano.a(lib_a-memchr.o)
                0x00000000080001e0                memchr
 .text          0x0000000008000280      0x378 /home/mrem/Desktop/makeself_dir_k5fivQ/y/plugins/com.st.stm32cube.ide.mcu.externaltools.gnu-tools-for-stm32.9-2020-q2-update.linux64_2.0.0.202105311346/tools/bin/../lib/gcc/arm-none-eabi/9.3.1/thumb/v7e-m+fp/hard/libgcc.a(_arm_addsubdf3.o)
                0x0000000008000280                __aeabi_drsub
                0x0000000008000288                __aeabi_dsub
                0x0000000008000288                __subdf3
                0x000000000800028c                __adddf3
                0x000000000800028c                __aeabi_dadd
                0x0000000008000504                __aeabi_ui2d
                0x0000000008000504                __floatunsidf
                0x0000000008000524                __floatsidf
                0x0000000008000524                __aeabi_i2d
                0x0000000008000548                __extendsfdf2
                0x0000000008000548                __aeabi_f2d
                0x000000000800058c                __aeabi_ul2d
                0x000000000800058c                __floatundidf
                0x000000000800059c                __floatdidf
                0x000000000800059c                __aeabi_l2d
 .text          0x00000000080005f8      0x424 /home/mrem/Desktop/makeself_dir_k5fivQ/y/plugins/com.st.stm32cube.ide.mcu.externaltools.gnu-tools-for-stm32.9-2020-q2-update.linux64_2.0.0.202105311346/tools/bin/../lib/gcc/arm-none-eabi/9.3.1/thumb/v7e-m+fp/hard/libgcc.a(_arm_muldivdf3.o)
                0x00000000080005f8                __aeabi_dmul
                0x00000000080005f8                __muldf3
                0x000000000800084c                __aeabi_ddiv
                0x000000000800084c                __divdf3
 .text          0x0000000008000a1c       0x40 /home/mrem/Desktop/makeself_dir_k5fivQ/y/plugins/com.st.stm32cube.ide.mcu.externaltools.gnu-tools-for-stm32.9-2020-q2-update.linux64_2.0.0.202105311346/tools/bin/../lib/gcc/arm-none-eabi/9.3.1/thumb/v7e-m+fp/hard/libgcc.a(_arm_fixunsdfsi.o)
                0x0000000008000a1c                __fixunsdfsi
                0x0000000008000a1c                __aeabi_d2uiz
 .text          0x0000000008000a5c       0x30 /home/mrem/Desktop/makeself_dir_k5fivQ/y/plugins/com.st.stm32cube.ide.mcu.externaltools.gnu-tools-for-stm32.9-2020-q2-update.linux64_2.0.0.202105311346/tools/bin/../lib/gcc/arm-none-eabi/9.3.1/thumb/v7e-m+fp/hard/libgcc.a(_aeabi_uldivmod.o)
                0x0000000008000a5c                __aeabi_uldivmod
 .text          0x0000000008000a8c      0x2c4 /home/mrem/Desktop/makeself_dir_k5fivQ/y/plugins/com.st.stm32cube.ide.mcu.externaltools.gnu-tools-for-stm32.9-2020-q2-update.linux64_2.0.0.202105311346/tools/bin/../lib/gcc/arm-none-eabi/9.3.1/thumb/v7e-m+fp/hard/libgcc.a(_udivmoddi4.o)
                0x0000000008000a8c                __udivmoddi4
 .text          0x0000000008000d50        0x4 /home/mrem/Desktop/makeself_dir_k5fivQ/y/plugins/com.st.stm32cube.ide.mcu.externaltools.gnu-tools-for-stm32.9-2020-q2-update.linux64_2.0.0.202105311346/tools/bin/../lib/gcc/arm-none-eabi/9.3.1/thumb/v7e-m+fp/hard/libgcc.a(_dvmd_tls.o)
                0x0000000008000d50                __aeabi_ldiv0
                0x0000000008000d50                __aeabi_idiv0
 *(.text*)
 *fill*         0x0000000008000d54        0x4 
 .text.set_PWM_freq
                0x0000000008000d58       0xb4 ./Core/Src/PWM_I2C.o
                0x0000000008000d58                set_PWM_freq
 .text.set_PWM_duty
                0x0000000008000e0c       0xdc ./Core/Src/PWM_I2C.o
                0x0000000008000e0c                set_PWM_duty
 .text.send_I2C_data
                0x0000000008000ee8       0x38 ./Core/Src/PWM_I2C.o
                0x0000000008000ee8                send_I2C_data
 .text.sleep_mode_on
                0x0000000008000f20       0x24 ./Core/Src/PWM_I2C.o
                0x0000000008000f20                sleep_mode_on
 .text.sleep_mode_off
                0x0000000008000f44       0x24 ./Core/Src/PWM_I2C.o
                0x0000000008000f44                sleep_mode_off
 .text.state_all_PWM_channels
                0x0000000008000f68       0x54 ./Core/Src/PWM_I2C.o
                0x0000000008000f68                state_all_PWM_channels
 .text.check_mode
                0x0000000008000fbc       0xc8 ./Core/Src/main.o
                0x0000000008000fbc                check_mode
 .text.set_frequency
                0x0000000008001084       0xe8 ./Core/Src/main.o
                0x0000000008001084                set_frequency
 .text.set_duty
                0x000000000800116c       0xf8 ./Core/Src/main.o
                0x000000000800116c                set_duty
 .text.main     0x0000000008001264       0x54 ./Core/Src/main.o
                0x0000000008001264                main
 .text.SystemClock_Config
                0x00000000080012b8       0xb8 ./Core/Src/main.o
                0x00000000080012b8                SystemClock_Config
 .text.MX_I2C1_Init
                0x0000000008001370       0x5c ./Core/Src/main.o
 .text.MX_USART3_UART_Init
                0x00000000080013cc       0x54 ./Core/Src/main.o
 .text.MX_GPIO_Init
                0x0000000008001420       0xbc ./Core/Src/main.o
 .text.HAL_UART_RxCpltCallback
                0x00000000080014dc       0xd4 ./Core/Src/main.o
                0x00000000080014dc                HAL_UART_RxCpltCallback
 .text.Error_Handler
                0x00000000080015b0        0xa ./Core/Src/main.o
                0x00000000080015b0                Error_Handler
 *fill*         0x00000000080015ba        0x2 
 .text.HAL_MspInit
                0x00000000080015bc       0x50 ./Core/Src/stm32f4xx_hal_msp.o
                0x00000000080015bc                HAL_MspInit
 .text.HAL_I2C_MspInit
                0x000000000800160c       0x90 ./Core/Src/stm32f4xx_hal_msp.o
                0x000000000800160c                HAL_I2C_MspInit
 .text.HAL_UART_MspInit
                0x000000000800169c       0xa0 ./Core/Src/stm32f4xx_hal_msp.o
                0x000000000800169c                HAL_UART_MspInit
 .text.NMI_Handler
                0x000000000800173c        0x6 ./Core/Src/stm32f4xx_it.o
                0x000000000800173c                NMI_Handler
 .text.HardFault_Handler
                0x0000000008001742        0x6 ./Core/Src/stm32f4xx_it.o
                0x0000000008001742                HardFault_Handler
 .text.MemManage_Handler
                0x0000000008001748        0x6 ./Core/Src/stm32f4xx_it.o
                0x0000000008001748                MemManage_Handler
 .text.BusFault_Handler
                0x000000000800174e        0x6 ./Core/Src/stm32f4xx_it.o
                0x000000000800174e                BusFault_Handler
 .text.UsageFault_Handler
                0x0000000008001754        0x6 ./Core/Src/stm32f4xx_it.o
                0x0000000008001754                UsageFault_Handler
 .text.SVC_Handler
                0x000000000800175a        0xe ./Core/Src/stm32f4xx_it.o
                0x000000000800175a                SVC_Handler
 .text.DebugMon_Handler
                0x0000000008001768        0xe ./Core/Src/stm32f4xx_it.o
                0x0000000008001768                DebugMon_Handler
 .text.PendSV_Handler
                0x0000000008001776        0xe ./Core/Src/stm32f4xx_it.o
                0x0000000008001776                PendSV_Handler
 .text.SysTick_Handler
                0x0000000008001784        0xc ./Core/Src/stm32f4xx_it.o
                0x0000000008001784                SysTick_Handler
 .text.USART3_IRQHandler
                0x0000000008001790       0x14 ./Core/Src/stm32f4xx_it.o
                0x0000000008001790                USART3_IRQHandler
 .text._sbrk    0x00000000080017a4       0x6c ./Core/Src/sysmem.o
                0x00000000080017a4                _sbrk
 .text.SystemInit
                0x0000000008001810       0x24 ./Core/Src/system_stm32f4xx.o
                0x0000000008001810                SystemInit
 .text.Reset_Handler
                0x0000000008001834       0x50 ./Core/Startup/startup_stm32f407vgtx.o
                0x0000000008001834                Reset_Handler
 .text.Default_Handler
                0x0000000008001884        0x2 ./Core/Startup/startup_stm32f407vgtx.o
                0x0000000008001884                RTC_Alarm_IRQHandler
                0x0000000008001884                HASH_RNG_IRQHandler
                0x0000000008001884                EXTI2_IRQHandler
                0x0000000008001884                TIM8_CC_IRQHandler
                0x0000000008001884                TIM1_CC_IRQHandler
                0x0000000008001884                DMA2_Stream5_IRQHandler
                0x0000000008001884                DMA1_Stream5_IRQHandler
                0x0000000008001884                PVD_IRQHandler
                0x0000000008001884                SDIO_IRQHandler
                0x0000000008001884                TAMP_STAMP_IRQHandler
                0x0000000008001884                CAN2_RX1_IRQHandler
                0x0000000008001884                EXTI3_IRQHandler
                0x0000000008001884                TIM8_TRG_COM_TIM14_IRQHandler
                0x0000000008001884                TIM1_UP_TIM10_IRQHandler
                0x0000000008001884                TIM8_UP_TIM13_IRQHandler
                0x0000000008001884                I2C3_ER_IRQHandler
                0x0000000008001884                EXTI0_IRQHandler
                0x0000000008001884                I2C2_EV_IRQHandler
                0x0000000008001884                DMA1_Stream2_IRQHandler
                0x0000000008001884                CAN1_RX0_IRQHandler
                0x0000000008001884                FPU_IRQHandler
                0x0000000008001884                OTG_HS_WKUP_IRQHandler
                0x0000000008001884                CAN2_SCE_IRQHandler
                0x0000000008001884                DMA2_Stream2_IRQHandler
                0x0000000008001884                SPI1_IRQHandler
                0x0000000008001884                TIM6_DAC_IRQHandler
                0x0000000008001884                TIM1_BRK_TIM9_IRQHandler
                0x0000000008001884                DCMI_IRQHandler
                0x0000000008001884                CAN2_RX0_IRQHandler
                0x0000000008001884                DMA2_Stream3_IRQHandler
                0x0000000008001884                USART6_IRQHandler
                0x0000000008001884                CAN1_RX1_IRQHandler
                0x0000000008001884                UART5_IRQHandler
                0x0000000008001884                DMA2_Stream0_IRQHandler
                0x0000000008001884                TIM4_IRQHandler
                0x0000000008001884                I2C1_EV_IRQHandler
                0x0000000008001884                DMA1_Stream6_IRQHandler
                0x0000000008001884                DMA1_Stream1_IRQHandler
                0x0000000008001884                UART4_IRQHandler
                0x0000000008001884                TIM3_IRQHandler
                0x0000000008001884                RCC_IRQHandler
                0x0000000008001884                TIM8_BRK_TIM12_IRQHandler
                0x0000000008001884                Default_Handler
                0x0000000008001884                EXTI15_10_IRQHandler
                0x0000000008001884                ADC_IRQHandler
                0x0000000008001884                DMA1_Stream7_IRQHandler
                0x0000000008001884                TIM7_IRQHandler
                0x0000000008001884                CAN2_TX_IRQHandler
                0x0000000008001884                TIM5_IRQHandler
                0x0000000008001884                DMA2_Stream7_IRQHandler
                0x0000000008001884                I2C3_EV_IRQHandler
                0x0000000008001884                EXTI9_5_IRQHandler
                0x0000000008001884                RTC_WKUP_IRQHandler
                0x0000000008001884                ETH_WKUP_IRQHandler
                0x0000000008001884                SPI2_IRQHandler
                0x0000000008001884                OTG_HS_EP1_IN_IRQHandler
                0x0000000008001884                DMA1_Stream0_IRQHandler
                0x0000000008001884                CAN1_TX_IRQHandler
                0x0000000008001884                EXTI4_IRQHandler
                0x0000000008001884                FSMC_IRQHandler
                0x0000000008001884                ETH_IRQHandler
                0x0000000008001884                OTG_HS_EP1_OUT_IRQHandler
                0x0000000008001884                WWDG_IRQHandler
                0x0000000008001884                TIM2_IRQHandler
                0x0000000008001884                OTG_FS_WKUP_IRQHandler
                0x0000000008001884                TIM1_TRG_COM_TIM11_IRQHandler
                0x0000000008001884                OTG_HS_IRQHandler
                0x0000000008001884                EXTI1_IRQHandler
                0x0000000008001884                USART2_IRQHandler
                0x0000000008001884                I2C2_ER_IRQHandler
                0x0000000008001884                DMA2_Stream1_IRQHandler
                0x0000000008001884                CAN1_SCE_IRQHandler
                0x0000000008001884                FLASH_IRQHandler
                0x0000000008001884                DMA2_Stream4_IRQHandler
                0x0000000008001884                USART1_IRQHandler
                0x0000000008001884                OTG_FS_IRQHandler
                0x0000000008001884                SPI3_IRQHandler
                0x0000000008001884                DMA1_Stream4_IRQHandler
                0x0000000008001884                I2C1_ER_IRQHandler
                0x0000000008001884                DMA2_Stream6_IRQHandler
                0x0000000008001884                DMA1_Stream3_IRQHandler
 *fill*         0x0000000008001886        0x2 
 .text.HAL_Init
                0x0000000008001888       0x44 ./Drivers/STM32F4xx_HAL_Driver/Src/stm32f4xx_hal.o
                0x0000000008001888                HAL_Init
 .text.HAL_InitTick
                0x00000000080018cc       0x60 ./Drivers/STM32F4xx_HAL_Driver/Src/stm32f4xx_hal.o
                0x00000000080018cc                HAL_InitTick
 .text.HAL_IncTick
                0x000000000800192c       0x28 ./Drivers/STM32F4xx_HAL_Driver/Src/stm32f4xx_hal.o
                0x000000000800192c                HAL_IncTick
 .text.HAL_GetTick
                0x0000000008001954       0x18 ./Drivers/STM32F4xx_HAL_Driver/Src/stm32f4xx_hal.o
                0x0000000008001954                HAL_GetTick
 .text.HAL_Delay
                0x000000000800196c       0x48 ./Drivers/STM32F4xx_HAL_Driver/Src/stm32f4xx_hal.o
                0x000000000800196c                HAL_Delay
 .text.__NVIC_SetPriorityGrouping
                0x00000000080019b4       0x48 ./Drivers/STM32F4xx_HAL_Driver/Src/stm32f4xx_hal_cortex.o
 .text.__NVIC_GetPriorityGrouping
                0x00000000080019fc       0x1c ./Drivers/STM32F4xx_HAL_Driver/Src/stm32f4xx_hal_cortex.o
 .text.__NVIC_EnableIRQ
                0x0000000008001a18       0x3c ./Drivers/STM32F4xx_HAL_Driver/Src/stm32f4xx_hal_cortex.o
 .text.__NVIC_SetPriority
                0x0000000008001a54       0x54 ./Drivers/STM32F4xx_HAL_Driver/Src/stm32f4xx_hal_cortex.o
 .text.NVIC_EncodePriority
                0x0000000008001aa8       0x66 ./Drivers/STM32F4xx_HAL_Driver/Src/stm32f4xx_hal_cortex.o
 *fill*         0x0000000008001b0e        0x2 
 .text.SysTick_Config
                0x0000000008001b10       0x44 ./Drivers/STM32F4xx_HAL_Driver/Src/stm32f4xx_hal_cortex.o
 .text.HAL_NVIC_SetPriorityGrouping
                0x0000000008001b54       0x16 ./Drivers/STM32F4xx_HAL_Driver/Src/stm32f4xx_hal_cortex.o
                0x0000000008001b54                HAL_NVIC_SetPriorityGrouping
 .text.HAL_NVIC_SetPriority
                0x0000000008001b6a       0x38 ./Drivers/STM32F4xx_HAL_Driver/Src/stm32f4xx_hal_cortex.o
                0x0000000008001b6a                HAL_NVIC_SetPriority
 .text.HAL_NVIC_EnableIRQ
                0x0000000008001ba2       0x1c ./Drivers/STM32F4xx_HAL_Driver/Src/stm32f4xx_hal_cortex.o
                0x0000000008001ba2                HAL_NVIC_EnableIRQ
 .text.HAL_SYSTICK_Config
                0x0000000008001bbe       0x18 ./Drivers/STM32F4xx_HAL_Driver/Src/stm32f4xx_hal_cortex.o
                0x0000000008001bbe                HAL_SYSTICK_Config
 .text.HAL_DMA_Abort
                0x0000000008001bd6       0xe0 ./Drivers/STM32F4xx_HAL_Driver/Src/stm32f4xx_hal_dma.o
                0x0000000008001bd6                HAL_DMA_Abort
 .text.HAL_DMA_Abort_IT
                0x0000000008001cb6       0x44 ./Drivers/STM32F4xx_HAL_Driver/Src/stm32f4xx_hal_dma.o
                0x0000000008001cb6                HAL_DMA_Abort_IT
 *fill*         0x0000000008001cfa        0x2 
 .text.HAL_GPIO_Init
                0x0000000008001cfc      0x338 ./Drivers/STM32F4xx_HAL_Driver/Src/stm32f4xx_hal_gpio.o
                0x0000000008001cfc                HAL_GPIO_Init
 .text.HAL_GPIO_WritePin
                0x0000000008002034       0x32 ./Drivers/STM32F4xx_HAL_Driver/Src/stm32f4xx_hal_gpio.o
                0x0000000008002034                HAL_GPIO_WritePin
 *fill*         0x0000000008002066        0x2 
 .text.HAL_I2C_Init
                0x0000000008002068      0x288 ./Drivers/STM32F4xx_HAL_Driver/Src/stm32f4xx_hal_i2c.o
                0x0000000008002068                HAL_I2C_Init
 .text.HAL_I2C_Master_Transmit
                0x00000000080022f0      0x1fc ./Drivers/STM32F4xx_HAL_Driver/Src/stm32f4xx_hal_i2c.o
                0x00000000080022f0                HAL_I2C_Master_Transmit
 .text.I2C_MasterRequestWrite
                0x00000000080024ec      0x104 ./Drivers/STM32F4xx_HAL_Driver/Src/stm32f4xx_hal_i2c.o
 .text.I2C_WaitOnFlagUntilTimeout
                0x00000000080025f0       0xae ./Drivers/STM32F4xx_HAL_Driver/Src/stm32f4xx_hal_i2c.o
 .text.I2C_WaitOnMasterAddressFlagUntilTimeout
                0x000000000800269e       0xfe ./Drivers/STM32F4xx_HAL_Driver/Src/stm32f4xx_hal_i2c.o
 .text.I2C_WaitOnTXEFlagUntilTimeout
                0x000000000800279c       0x82 ./Drivers/STM32F4xx_HAL_Driver/Src/stm32f4xx_hal_i2c.o
 .text.I2C_WaitOnBTFFlagUntilTimeout
                0x000000000800281e       0x82 ./Drivers/STM32F4xx_HAL_Driver/Src/stm32f4xx_hal_i2c.o
 .text.I2C_IsAcknowledgeFailed
                0x00000000080028a0       0x5e ./Drivers/STM32F4xx_HAL_Driver/Src/stm32f4xx_hal_i2c.o
 *fill*         0x00000000080028fe        0x2 
 .text.HAL_RCC_OscConfig
                0x0000000008002900      0x4f0 ./Drivers/STM32F4xx_HAL_Driver/Src/stm32f4xx_hal_rcc.o
                0x0000000008002900                HAL_RCC_OscConfig
 .text.HAL_RCC_ClockConfig
                0x0000000008002df0      0x1cc ./Drivers/STM32F4xx_HAL_Driver/Src/stm32f4xx_hal_rcc.o
                0x0000000008002df0                HAL_RCC_ClockConfig
 .text.HAL_RCC_GetSysClockFreq
                0x0000000008002fbc      0x1c4 ./Drivers/STM32F4xx_HAL_Driver/Src/stm32f4xx_hal_rcc.o
                0x0000000008002fbc                HAL_RCC_GetSysClockFreq
 .text.HAL_RCC_GetHCLKFreq
                0x0000000008003180       0x18 ./Drivers/STM32F4xx_HAL_Driver/Src/stm32f4xx_hal_rcc.o
                0x0000000008003180                HAL_RCC_GetHCLKFreq
 .text.HAL_RCC_GetPCLK1Freq
                0x0000000008003198       0x28 ./Drivers/STM32F4xx_HAL_Driver/Src/stm32f4xx_hal_rcc.o
                0x0000000008003198                HAL_RCC_GetPCLK1Freq
 .text.HAL_RCC_GetPCLK2Freq
                0x00000000080031c0       0x28 ./Drivers/STM32F4xx_HAL_Driver/Src/stm32f4xx_hal_rcc.o
                0x00000000080031c0                HAL_RCC_GetPCLK2Freq
 .text.HAL_UART_Init
                0x00000000080031e8       0x9a ./Drivers/STM32F4xx_HAL_Driver/Src/stm32f4xx_hal_uart.o
                0x00000000080031e8                HAL_UART_Init
 .text.HAL_UART_Transmit
                0x0000000008003282      0x124 ./Drivers/STM32F4xx_HAL_Driver/Src/stm32f4xx_hal_uart.o
                0x0000000008003282                HAL_UART_Transmit
 .text.HAL_UART_Receive
                0x00000000080033a6      0x144 ./Drivers/STM32F4xx_HAL_Driver/Src/stm32f4xx_hal_uart.o
                0x00000000080033a6                HAL_UART_Receive
 .text.HAL_UART_Receive_IT
                0x00000000080034ea       0x60 ./Drivers/STM32F4xx_HAL_Driver/Src/stm32f4xx_hal_uart.o
                0x00000000080034ea                HAL_UART_Receive_IT
 *fill*         0x000000000800354a        0x2 
 .text.HAL_UART_IRQHandler
                0x000000000800354c      0x51c ./Drivers/STM32F4xx_HAL_Driver/Src/stm32f4xx_hal_uart.o
                0x000000000800354c                HAL_UART_IRQHandler
 .text.HAL_UART_TxCpltCallback
                0x0000000008003a68       0x14 ./Drivers/STM32F4xx_HAL_Driver/Src/stm32f4xx_hal_uart.o
                0x0000000008003a68                HAL_UART_TxCpltCallback
 .text.HAL_UART_ErrorCallback
                0x0000000008003a7c       0x14 ./Drivers/STM32F4xx_HAL_Driver/Src/stm32f4xx_hal_uart.o
                0x0000000008003a7c                HAL_UART_ErrorCallback
 .text.HAL_UARTEx_RxEventCallback
                0x0000000008003a90       0x18 ./Drivers/STM32F4xx_HAL_Driver/Src/stm32f4xx_hal_uart.o
                0x0000000008003a90                HAL_UARTEx_RxEventCallback
 .text.UART_WaitOnFlagUntilTimeout
                0x0000000008003aa8       0xdc ./Drivers/STM32F4xx_HAL_Driver/Src/stm32f4xx_hal_uart.o
 .text.UART_Start_Receive_IT
                0x0000000008003b84       0x74 ./Drivers/STM32F4xx_HAL_Driver/Src/stm32f4xx_hal_uart.o
                0x0000000008003b84                UART_Start_Receive_IT
 .text.UART_EndRxTransfer
                0x0000000008003bf8       0xc6 ./Drivers/STM32F4xx_HAL_Driver/Src/stm32f4xx_hal_uart.o
 .text.UART_DMAAbortOnError
                0x0000000008003cbe       0x28 ./Drivers/STM32F4xx_HAL_Driver/Src/stm32f4xx_hal_uart.o
 .text.UART_Transmit_IT
                0x0000000008003ce6       0xa0 ./Drivers/STM32F4xx_HAL_Driver/Src/stm32f4xx_hal_uart.o
 .text.UART_EndTransmit_IT
                0x0000000008003d86       0x30 ./Drivers/STM32F4xx_HAL_Driver/Src/stm32f4xx_hal_uart.o
 .text.UART_Receive_IT
                0x0000000008003db6      0x176 ./Drivers/STM32F4xx_HAL_Driver/Src/stm32f4xx_hal_uart.o
 .text.UART_SetConfig
                0x0000000008003f2c      0x390 ./Drivers/STM32F4xx_HAL_Driver/Src/stm32f4xx_hal_uart.o
 .text.__errno  0x00000000080042bc        0xc /home/mrem/Desktop/makeself_dir_k5fivQ/y/plugins/com.st.stm32cube.ide.mcu.externaltools.gnu-tools-for-stm32.9-2020-q2-update.linux64_2.0.0.202105311346/tools/bin/../lib/gcc/arm-none-eabi/9.3.1/../../../../arm-none-eabi/lib/thumb/v7e-m+fp/hard/libc_nano.a(lib_a-errno.o)
                0x00000000080042bc                __errno
 .text.__libc_init_array
                0x00000000080042c8       0x48 /home/mrem/Desktop/makeself_dir_k5fivQ/y/plugins/com.st.stm32cube.ide.mcu.externaltools.gnu-tools-for-stm32.9-2020-q2-update.linux64_2.0.0.202105311346/tools/bin/../lib/gcc/arm-none-eabi/9.3.1/../../../../arm-none-eabi/lib/thumb/v7e-m+fp/hard/libc_nano.a(lib_a-init.o)
                0x00000000080042c8                __libc_init_array
 .text.memset   0x0000000008004310       0x10 /home/mrem/Desktop/makeself_dir_k5fivQ/y/plugins/com.st.stm32cube.ide.mcu.externaltools.gnu-tools-for-stm32.9-2020-q2-update.linux64_2.0.0.202105311346/tools/bin/../lib/gcc/arm-none-eabi/9.3.1/../../../../arm-none-eabi/lib/thumb/v7e-m+fp/hard/libc_nano.a(lib_a-memset.o)
                0x0000000008004310                memset
 .text.sprintf  0x0000000008004320       0x40 /home/mrem/Desktop/makeself_dir_k5fivQ/y/plugins/com.st.stm32cube.ide.mcu.externaltools.gnu-tools-for-stm32.9-2020-q2-update.linux64_2.0.0.202105311346/tools/bin/../lib/gcc/arm-none-eabi/9.3.1/../../../../arm-none-eabi/lib/thumb/v7e-m+fp/hard/libc_nano.a(lib_a-sprintf.o)
                0x0000000008004320                sprintf
                0x0000000008004320                siprintf
 .text.__ssputs_r
                0x0000000008004360       0xb6 /home/mrem/Desktop/makeself_dir_k5fivQ/y/plugins/com.st.stm32cube.ide.mcu.externaltools.gnu-tools-for-stm32.9-2020-q2-update.linux64_2.0.0.202105311346/tools/bin/../lib/gcc/arm-none-eabi/9.3.1/../../../../arm-none-eabi/lib/thumb/v7e-m+fp/hard/libc_nano.a(lib_a-nano-svfprintf.o)
                0x0000000008004360                __ssputs_r
 *fill*         0x0000000008004416        0x2 
 .text._svfprintf_r
                0x0000000008004418      0x200 /home/mrem/Desktop/makeself_dir_k5fivQ/y/plugins/com.st.stm32cube.ide.mcu.externaltools.gnu-tools-for-stm32.9-2020-q2-update.linux64_2.0.0.202105311346/tools/bin/../lib/gcc/arm-none-eabi/9.3.1/../../../../arm-none-eabi/lib/thumb/v7e-m+fp/hard/libc_nano.a(lib_a-nano-svfprintf.o)
                0x0000000008004418                _svfprintf_r
                0x0000000008004418                _svfiprintf_r
 .text._printf_common
                0x0000000008004618       0xda /home/mrem/Desktop/makeself_dir_k5fivQ/y/plugins/com.st.stm32cube.ide.mcu.externaltools.gnu-tools-for-stm32.9-2020-q2-update.linux64_2.0.0.202105311346/tools/bin/../lib/gcc/arm-none-eabi/9.3.1/../../../../arm-none-eabi/lib/thumb/v7e-m+fp/hard/libc_nano.a(lib_a-nano-vfprintf_i.o)
                0x0000000008004618                _printf_common
 *fill*         0x00000000080046f2        0x2 
 .text._printf_i
                0x00000000080046f4      0x24c /home/mrem/Desktop/makeself_dir_k5fivQ/y/plugins/com.st.stm32cube.ide.mcu.externaltools.gnu-tools-for-stm32.9-2020-q2-update.linux64_2.0.0.202105311346/tools/bin/../lib/gcc/arm-none-eabi/9.3.1/../../../../arm-none-eabi/lib/thumb/v7e-m+fp/hard/libc_nano.a(lib_a-nano-vfprintf_i.o)
                0x00000000080046f4                _printf_i
 .text.memcpy   0x0000000008004940       0x1c /home/mrem/Desktop/makeself_dir_k5fivQ/y/plugins/com.st.stm32cube.ide.mcu.externaltools.gnu-tools-for-stm32.9-2020-q2-update.linux64_2.0.0.202105311346/tools/bin/../lib/gcc/arm-none-eabi/9.3.1/../../../../arm-none-eabi/lib/thumb/v7e-m+fp/hard/libc_nano.a(lib_a-memcpy-stub.o)
                0x0000000008004940                memcpy
 .text.memmove  0x000000000800495c       0x34 /home/mrem/Desktop/makeself_dir_k5fivQ/y/plugins/com.st.stm32cube.ide.mcu.externaltools.gnu-tools-for-stm32.9-2020-q2-update.linux64_2.0.0.202105311346/tools/bin/../lib/gcc/arm-none-eabi/9.3.1/../../../../arm-none-eabi/lib/thumb/v7e-m+fp/hard/libc_nano.a(lib_a-memmove.o)
                0x000000000800495c                memmove
 .text._free_r  0x0000000008004990       0xa0 /home/mrem/Desktop/makeself_dir_k5fivQ/y/plugins/com.st.stm32cube.ide.mcu.externaltools.gnu-tools-for-stm32.9-2020-q2-update.linux64_2.0.0.202105311346/tools/bin/../lib/gcc/arm-none-eabi/9.3.1/../../../../arm-none-eabi/lib/thumb/v7e-m+fp/hard/libc_nano.a(lib_a-nano-freer.o)
                0x0000000008004990                _free_r
 .text._malloc_r
                0x0000000008004a30       0xb4 /home/mrem/Desktop/makeself_dir_k5fivQ/y/plugins/com.st.stm32cube.ide.mcu.externaltools.gnu-tools-for-stm32.9-2020-q2-update.linux64_2.0.0.202105311346/tools/bin/../lib/gcc/arm-none-eabi/9.3.1/../../../../arm-none-eabi/lib/thumb/v7e-m+fp/hard/libc_nano.a(lib_a-nano-mallocr.o)
                0x0000000008004a30                _malloc_r
 .text._realloc_r
                0x0000000008004ae4       0x4c /home/mrem/Desktop/makeself_dir_k5fivQ/y/plugins/com.st.stm32cube.ide.mcu.externaltools.gnu-tools-for-stm32.9-2020-q2-update.linux64_2.0.0.202105311346/tools/bin/../lib/gcc/arm-none-eabi/9.3.1/../../../../arm-none-eabi/lib/thumb/v7e-m+fp/hard/libc_nano.a(lib_a-nano-reallocr.o)
                0x0000000008004ae4                _realloc_r
 .text._sbrk_r  0x0000000008004b30       0x20 /home/mrem/Desktop/makeself_dir_k5fivQ/y/plugins/com.st.stm32cube.ide.mcu.externaltools.gnu-tools-for-stm32.9-2020-q2-update.linux64_2.0.0.202105311346/tools/bin/../lib/gcc/arm-none-eabi/9.3.1/../../../../arm-none-eabi/lib/thumb/v7e-m+fp/hard/libc_nano.a(lib_a-sbrkr.o)
                0x0000000008004b30                _sbrk_r
 .text.__malloc_lock
                0x0000000008004b50        0xc /home/mrem/Desktop/makeself_dir_k5fivQ/y/plugins/com.st.stm32cube.ide.mcu.externaltools.gnu-tools-for-stm32.9-2020-q2-update.linux64_2.0.0.202105311346/tools/bin/../lib/gcc/arm-none-eabi/9.3.1/../../../../arm-none-eabi/lib/thumb/v7e-m+fp/hard/libc_nano.a(lib_a-mlock.o)
                0x0000000008004b50                __malloc_lock
 .text.__malloc_unlock
                0x0000000008004b5c        0xc /home/mrem/Desktop/makeself_dir_k5fivQ/y/plugins/com.st.stm32cube.ide.mcu.externaltools.gnu-tools-for-stm32.9-2020-q2-update.linux64_2.0.0.202105311346/tools/bin/../lib/gcc/arm-none-eabi/9.3.1/../../../../arm-none-eabi/lib/thumb/v7e-m+fp/hard/libc_nano.a(lib_a-mlock.o)
                0x0000000008004b5c                __malloc_unlock
 .text._malloc_usable_size_r
                0x0000000008004b68       0x10 /home/mrem/Desktop/makeself_dir_k5fivQ/y/plugins/com.st.stm32cube.ide.mcu.externaltools.gnu-tools-for-stm32.9-2020-q2-update.linux64_2.0.0.202105311346/tools/bin/../lib/gcc/arm-none-eabi/9.3.1/../../../../arm-none-eabi/lib/thumb/v7e-m+fp/hard/libc_nano.a(lib_a-nano-msizer.o)
                0x0000000008004b68                _malloc_usable_size_r
 .text.__retarget_lock_acquire_recursive
                0x0000000008004b78        0x2 /home/mrem/Desktop/makeself_dir_k5fivQ/y/plugins/com.st.stm32cube.ide.mcu.externaltools.gnu-tools-for-stm32.9-2020-q2-update.linux64_2.0.0.202105311346/tools/bin/../lib/gcc/arm-none-eabi/9.3.1/../../../../arm-none-eabi/lib/thumb/v7e-m+fp/hard/libc_nano.a(lib_a-lock.o)
                0x0000000008004b78                __retarget_lock_acquire_recursive
 .text.__retarget_lock_release_recursive
                0x0000000008004b7a        0x2 /home/mrem/Desktop/makeself_dir_k5fivQ/y/plugins/com.st.stm32cube.ide.mcu.externaltools.gnu-tools-for-stm32.9-2020-q2-update.linux64_2.0.0.202105311346/tools/bin/../lib/gcc/arm-none-eabi/9.3.1/../../../../arm-none-eabi/lib/thumb/v7e-m+fp/hard/libc_nano.a(lib_a-lock.o)
                0x0000000008004b7a                __retarget_lock_release_recursive
 .text.round    0x0000000008004b7c       0x8c /home/mrem/Desktop/makeself_dir_k5fivQ/y/plugins/com.st.stm32cube.ide.mcu.externaltools.gnu-tools-for-stm32.9-2020-q2-update.linux64_2.0.0.202105311346/tools/bin/../lib/gcc/arm-none-eabi/9.3.1/../../../../arm-none-eabi/lib/thumb/v7e-m+fp/hard/libm.a(lib_a-s_round.o)
                0x0000000008004b7c                round
 *(.glue_7)
 .glue_7        0x0000000008004c08        0x0 linker stubs
 *(.glue_7t)
 .glue_7t       0x0000000008004c08        0x0 linker stubs
 *(.eh_frame)
 .eh_frame      0x0000000008004c08        0x0 /home/mrem/Desktop/makeself_dir_k5fivQ/y/plugins/com.st.stm32cube.ide.mcu.externaltools.gnu-tools-for-stm32.9-2020-q2-update.linux64_2.0.0.202105311346/tools/bin/../lib/gcc/arm-none-eabi/9.3.1/thumb/v7e-m+fp/hard/crtbegin.o
 *(.init)
 .init          0x0000000008004c08        0x4 /home/mrem/Desktop/makeself_dir_k5fivQ/y/plugins/com.st.stm32cube.ide.mcu.externaltools.gnu-tools-for-stm32.9-2020-q2-update.linux64_2.0.0.202105311346/tools/bin/../lib/gcc/arm-none-eabi/9.3.1/thumb/v7e-m+fp/hard/crti.o
                0x0000000008004c08                _init
 .init          0x0000000008004c0c        0x8 /home/mrem/Desktop/makeself_dir_k5fivQ/y/plugins/com.st.stm32cube.ide.mcu.externaltools.gnu-tools-for-stm32.9-2020-q2-update.linux64_2.0.0.202105311346/tools/bin/../lib/gcc/arm-none-eabi/9.3.1/thumb/v7e-m+fp/hard/crtn.o
 *(.fini)
 .fini          0x0000000008004c14        0x4 /home/mrem/Desktop/makeself_dir_k5fivQ/y/plugins/com.st.stm32cube.ide.mcu.externaltools.gnu-tools-for-stm32.9-2020-q2-update.linux64_2.0.0.202105311346/tools/bin/../lib/gcc/arm-none-eabi/9.3.1/thumb/v7e-m+fp/hard/crti.o
                0x0000000008004c14                _fini
 .fini          0x0000000008004c18        0x8 /home/mrem/Desktop/makeself_dir_k5fivQ/y/plugins/com.st.stm32cube.ide.mcu.externaltools.gnu-tools-for-stm32.9-2020-q2-update.linux64_2.0.0.202105311346/tools/bin/../lib/gcc/arm-none-eabi/9.3.1/thumb/v7e-m+fp/hard/crtn.o
                0x0000000008004c20                . = ALIGN (0x4)
                0x0000000008004c20                _etext = .

.vfp11_veneer   0x0000000008004c20        0x0
 .vfp11_veneer  0x0000000008004c20        0x0 linker stubs

.v4_bx          0x0000000008004c20        0x0
 .v4_bx         0x0000000008004c20        0x0 linker stubs

.iplt           0x0000000008004c20        0x0
 .iplt          0x0000000008004c20        0x0 /home/mrem/Desktop/makeself_dir_k5fivQ/y/plugins/com.st.stm32cube.ide.mcu.externaltools.gnu-tools-for-stm32.9-2020-q2-update.linux64_2.0.0.202105311346/tools/bin/../lib/gcc/arm-none-eabi/9.3.1/thumb/v7e-m+fp/hard/crtbegin.o

.rodata         0x0000000008004c20      0x100
                0x0000000008004c20                . = ALIGN (0x4)
 *(.rodata)
 .rodata        0x0000000008004c20       0x83 ./Core/Src/PWM_I2C.o
 *fill*         0x0000000008004ca3        0x1 
 .rodata        0x0000000008004ca4       0x2f ./Core/Src/main.o
 *(.rodata*)
 *fill*         0x0000000008004cd3        0x1 
 .rodata.AHBPrescTable
                0x0000000008004cd4       0x10 ./Core/Src/system_stm32f4xx.o
                0x0000000008004cd4                AHBPrescTable
 .rodata.APBPrescTable
                0x0000000008004ce4        0x8 ./Core/Src/system_stm32f4xx.o
                0x0000000008004ce4                APBPrescTable
 .rodata._svfprintf_r.str1.1
                0x0000000008004cec       0x11 /home/mrem/Desktop/makeself_dir_k5fivQ/y/plugins/com.st.stm32cube.ide.mcu.externaltools.gnu-tools-for-stm32.9-2020-q2-update.linux64_2.0.0.202105311346/tools/bin/../lib/gcc/arm-none-eabi/9.3.1/../../../../arm-none-eabi/lib/thumb/v7e-m+fp/hard/libc_nano.a(lib_a-nano-svfprintf.o)
 .rodata._printf_i.str1.1
                0x0000000008004cfd       0x22 /home/mrem/Desktop/makeself_dir_k5fivQ/y/plugins/com.st.stm32cube.ide.mcu.externaltools.gnu-tools-for-stm32.9-2020-q2-update.linux64_2.0.0.202105311346/tools/bin/../lib/gcc/arm-none-eabi/9.3.1/../../../../arm-none-eabi/lib/thumb/v7e-m+fp/hard/libc_nano.a(lib_a-nano-vfprintf_i.o)
                0x0000000008004d20                . = ALIGN (0x4)
 *fill*         0x0000000008004d1f        0x1 

.ARM.extab      0x0000000008004d20        0x0
                0x0000000008004d20                . = ALIGN (0x4)
 *(.ARM.extab* .gnu.linkonce.armextab.*)
                0x0000000008004d20                . = ALIGN (0x4)

.ARM            0x0000000008004d20        0x8
                0x0000000008004d20                . = ALIGN (0x4)
                0x0000000008004d20                __exidx_start = .
 *(.ARM.exidx*)
 .ARM.exidx     0x0000000008004d20        0x8 /home/mrem/Desktop/makeself_dir_k5fivQ/y/plugins/com.st.stm32cube.ide.mcu.externaltools.gnu-tools-for-stm32.9-2020-q2-update.linux64_2.0.0.202105311346/tools/bin/../lib/gcc/arm-none-eabi/9.3.1/thumb/v7e-m+fp/hard/libgcc.a(_udivmoddi4.o)
                0x0000000008004d28                __exidx_end = .
                0x0000000008004d28                . = ALIGN (0x4)

.rel.dyn        0x0000000008004d28        0x0
 .rel.iplt      0x0000000008004d28        0x0 /home/mrem/Desktop/makeself_dir_k5fivQ/y/plugins/com.st.stm32cube.ide.mcu.externaltools.gnu-tools-for-stm32.9-2020-q2-update.linux64_2.0.0.202105311346/tools/bin/../lib/gcc/arm-none-eabi/9.3.1/thumb/v7e-m+fp/hard/crtbegin.o

.preinit_array  0x0000000008004d28        0x0
                0x0000000008004d28                . = ALIGN (0x4)
                0x0000000008004d28                PROVIDE (__preinit_array_start = .)
 *(.preinit_array*)
                0x0000000008004d28                PROVIDE (__preinit_array_end = .)
                0x0000000008004d28                . = ALIGN (0x4)

.init_array     0x0000000008004d28        0x4
                0x0000000008004d28                . = ALIGN (0x4)
                0x0000000008004d28                PROVIDE (__init_array_start = .)
 *(SORT_BY_NAME(.init_array.*))
 *(.init_array*)
 .init_array    0x0000000008004d28        0x4 /home/mrem/Desktop/makeself_dir_k5fivQ/y/plugins/com.st.stm32cube.ide.mcu.externaltools.gnu-tools-for-stm32.9-2020-q2-update.linux64_2.0.0.202105311346/tools/bin/../lib/gcc/arm-none-eabi/9.3.1/thumb/v7e-m+fp/hard/crtbegin.o
                0x0000000008004d2c                PROVIDE (__init_array_end = .)
                0x0000000008004d2c                . = ALIGN (0x4)

.fini_array     0x0000000008004d2c        0x4
                0x0000000008004d2c                . = ALIGN (0x4)
                [!provide]                        PROVIDE (__fini_array_start = .)
 *(SORT_BY_NAME(.fini_array.*))
 *(.fini_array*)
 .fini_array    0x0000000008004d2c        0x4 /home/mrem/Desktop/makeself_dir_k5fivQ/y/plugins/com.st.stm32cube.ide.mcu.externaltools.gnu-tools-for-stm32.9-2020-q2-update.linux64_2.0.0.202105311346/tools/bin/../lib/gcc/arm-none-eabi/9.3.1/thumb/v7e-m+fp/hard/crtbegin.o
                [!provide]                        PROVIDE (__fini_array_end = .)
                0x0000000008004d30                . = ALIGN (0x4)
                0x0000000008004d30                _sidata = LOADADDR (.data)

.data           0x0000000020000000       0x74 load address 0x0000000008004d30
                0x0000000020000000                . = ALIGN (0x4)
                0x0000000020000000                _sdata = .
 *(.data)
 *(.data*)
 .data.state    0x0000000020000000        0x1 ./Core/Src/main.o
                0x0000000020000000                state
 *fill*         0x0000000020000001        0x3 
 .data.SystemCoreClock
                0x0000000020000004        0x4 ./Core/Src/system_stm32f4xx.o
                0x0000000020000004                SystemCoreClock
 .data.uwTickPrio
                0x0000000020000008        0x4 ./Drivers/STM32F4xx_HAL_Driver/Src/stm32f4xx_hal.o
                0x0000000020000008                uwTickPrio
 .data.uwTickFreq
                0x000000002000000c        0x1 ./Drivers/STM32F4xx_HAL_Driver/Src/stm32f4xx_hal.o
                0x000000002000000c                uwTickFreq
 *fill*         0x000000002000000d        0x3 
 .data._impure_ptr
                0x0000000020000010        0x4 /home/mrem/Desktop/makeself_dir_k5fivQ/y/plugins/com.st.stm32cube.ide.mcu.externaltools.gnu-tools-for-stm32.9-2020-q2-update.linux64_2.0.0.202105311346/tools/bin/../lib/gcc/arm-none-eabi/9.3.1/../../../../arm-none-eabi/lib/thumb/v7e-m+fp/hard/libc_nano.a(lib_a-impure.o)
                0x0000000020000010                _impure_ptr
 .data.impure_data
                0x0000000020000014       0x60 /home/mrem/Desktop/makeself_dir_k5fivQ/y/plugins/com.st.stm32cube.ide.mcu.externaltools.gnu-tools-for-stm32.9-2020-q2-update.linux64_2.0.0.202105311346/tools/bin/../lib/gcc/arm-none-eabi/9.3.1/../../../../arm-none-eabi/lib/thumb/v7e-m+fp/hard/libc_nano.a(lib_a-impure.o)
 *(.RamFunc)
 *(.RamFunc*)
                0x0000000020000074                . = ALIGN (0x4)
                0x0000000020000074                _edata = .
                0x0000000008004da4                _siccmram = LOADADDR (.ccmram)

.igot.plt       0x0000000020000074        0x0 load address 0x0000000008004da4
 .igot.plt      0x0000000020000074        0x0 /home/mrem/Desktop/makeself_dir_k5fivQ/y/plugins/com.st.stm32cube.ide.mcu.externaltools.gnu-tools-for-stm32.9-2020-q2-update.linux64_2.0.0.202105311346/tools/bin/../lib/gcc/arm-none-eabi/9.3.1/thumb/v7e-m+fp/hard/crtbegin.o

.ccmram         0x0000000010000000        0x0 load address 0x0000000008004da4
                0x0000000010000000                . = ALIGN (0x4)
                0x0000000010000000                _sccmram = .
 *(.ccmram)
 *(.ccmram*)
                0x0000000010000000                . = ALIGN (0x4)
                0x0000000010000000                _eccmram = .
                0x0000000010000000                . = ALIGN (0x4)

.bss            0x0000000020000074       0xf8
                0x0000000020000074                _sbss = .
                0x0000000020000074                __bss_start__ = _sbss
 *(.bss)
 .bss           0x0000000020000074       0x1c /home/mrem/Desktop/makeself_dir_k5fivQ/y/plugins/com.st.stm32cube.ide.mcu.externaltools.gnu-tools-for-stm32.9-2020-q2-update.linux64_2.0.0.202105311346/tools/bin/../lib/gcc/arm-none-eabi/9.3.1/thumb/v7e-m+fp/hard/crtbegin.o
 *(.bss*)
 .bss.mode      0x0000000020000090        0x1 ./Core/Src/main.o
                0x0000000020000090                mode
 .bss.end_freq  0x0000000020000091        0x1 ./Core/Src/main.o
                0x0000000020000091                end_freq
 .bss.end_led   0x0000000020000092        0x1 ./Core/Src/main.o
                0x0000000020000092                end_led
 .bss.end_duty  0x0000000020000093        0x1 ./Core/Src/main.o
                0x0000000020000093                end_duty
 .bss.sleep     0x0000000020000094        0x1 ./Core/Src/main.o
                0x0000000020000094                sleep
 *fill*         0x0000000020000095        0x3 
 .bss.__sbrk_heap_end
                0x0000000020000098        0x4 ./Core/Src/sysmem.o
 .bss.__malloc_free_list
                0x000000002000009c        0x4 /home/mrem/Desktop/makeself_dir_k5fivQ/y/plugins/com.st.stm32cube.ide.mcu.externaltools.gnu-tools-for-stm32.9-2020-q2-update.linux64_2.0.0.202105311346/tools/bin/../lib/gcc/arm-none-eabi/9.3.1/../../../../arm-none-eabi/lib/thumb/v7e-m+fp/hard/libc_nano.a(lib_a-nano-mallocr.o)
                0x000000002000009c                __malloc_free_list
 .bss.__malloc_sbrk_start
                0x00000000200000a0        0x4 /home/mrem/Desktop/makeself_dir_k5fivQ/y/plugins/com.st.stm32cube.ide.mcu.externaltools.gnu-tools-for-stm32.9-2020-q2-update.linux64_2.0.0.202105311346/tools/bin/../lib/gcc/arm-none-eabi/9.3.1/../../../../arm-none-eabi/lib/thumb/v7e-m+fp/hard/libc_nano.a(lib_a-nano-mallocr.o)
                0x00000000200000a0                __malloc_sbrk_start
 *(COMMON)
 COMMON         0x00000000200000a4       0xb4 ./Core/Src/main.o
                0x00000000200000a4                buffer_freq
                0x00000000200000a8                buffer_duty
                0x00000000200000ac                huart3
                0x00000000200000f0                hi2c1
                0x0000000020000144                buffer_led
                0x0000000020000148                dutys
 COMMON         0x0000000020000158        0x4 ./Drivers/STM32F4xx_HAL_Driver/Src/stm32f4xx_hal.o
                0x0000000020000158                uwTick
 COMMON         0x000000002000015c        0x4 /home/mrem/Desktop/makeself_dir_k5fivQ/y/plugins/com.st.stm32cube.ide.mcu.externaltools.gnu-tools-for-stm32.9-2020-q2-update.linux64_2.0.0.202105311346/tools/bin/../lib/gcc/arm-none-eabi/9.3.1/../../../../arm-none-eabi/lib/thumb/v7e-m+fp/hard/libc_nano.a(lib_a-reent.o)
                0x000000002000015c                errno
 COMMON         0x0000000020000160        0x9 /home/mrem/Desktop/makeself_dir_k5fivQ/y/plugins/com.st.stm32cube.ide.mcu.externaltools.gnu-tools-for-stm32.9-2020-q2-update.linux64_2.0.0.202105311346/tools/bin/../lib/gcc/arm-none-eabi/9.3.1/../../../../arm-none-eabi/lib/thumb/v7e-m+fp/hard/libc_nano.a(lib_a-lock.o)
                0x0000000020000160                __lock___atexit_recursive_mutex
                0x0000000020000161                __lock___arc4random_mutex
                0x0000000020000162                __lock___env_recursive_mutex
                0x0000000020000163                __lock___sinit_recursive_mutex
                0x0000000020000164                __lock___malloc_recursive_mutex
                0x0000000020000165                __lock___at_quick_exit_mutex
                0x0000000020000166                __lock___dd_hash_mutex
                0x0000000020000167                __lock___tz_mutex
                0x0000000020000168                __lock___sfp_recursive_mutex
                0x000000002000016c                . = ALIGN (0x4)
 *fill*         0x0000000020000169        0x3 
                0x000000002000016c                _ebss = .
                0x000000002000016c                __bss_end__ = _ebss

._user_heap_stack
                0x000000002000016c      0x604
                0x0000000020000170                . = ALIGN (0x8)
 *fill*         0x000000002000016c        0x4 
                [!provide]                        PROVIDE (end = .)
                0x0000000020000170                PROVIDE (_end = .)
                0x0000000020000370                . = (. + _Min_Heap_Size)
 *fill*         0x0000000020000170      0x200 
                0x0000000020000770                . = (. + _Min_Stack_Size)
 *fill*         0x0000000020000370      0x400 
                0x0000000020000770                . = ALIGN (0x8)

/DISCARD/
 libc.a(*)
 libm.a(*)
 libgcc.a(*)

.ARM.attributes
                0x0000000000000000       0x30
 *(.ARM.attributes)
 .ARM.attributes
                0x0000000000000000       0x1e /home/mrem/Desktop/makeself_dir_k5fivQ/y/plugins/com.st.stm32cube.ide.mcu.externaltools.gnu-tools-for-stm32.9-2020-q2-update.linux64_2.0.0.202105311346/tools/bin/../lib/gcc/arm-none-eabi/9.3.1/thumb/v7e-m+fp/hard/crti.o
 .ARM.attributes
                0x000000000000001e       0x34 /home/mrem/Desktop/makeself_dir_k5fivQ/y/plugins/com.st.stm32cube.ide.mcu.externaltools.gnu-tools-for-stm32.9-2020-q2-update.linux64_2.0.0.202105311346/tools/bin/../lib/gcc/arm-none-eabi/9.3.1/thumb/v7e-m+fp/hard/crtbegin.o
 .ARM.attributes
                0x0000000000000052       0x34 ./Core/Src/PWM_I2C.o
 .ARM.attributes
                0x0000000000000086       0x34 ./Core/Src/main.o
 .ARM.attributes
                0x00000000000000ba       0x34 ./Core/Src/stm32f4xx_hal_msp.o
 .ARM.attributes
                0x00000000000000ee       0x34 ./Core/Src/stm32f4xx_it.o
 .ARM.attributes
                0x0000000000000122       0x34 ./Core/Src/sysmem.o
 .ARM.attributes
                0x0000000000000156       0x34 ./Core/Src/system_stm32f4xx.o
 .ARM.attributes
                0x000000000000018a       0x21 ./Core/Startup/startup_stm32f407vgtx.o
 .ARM.attributes
                0x00000000000001ab       0x34 ./Drivers/STM32F4xx_HAL_Driver/Src/stm32f4xx_hal.o
 .ARM.attributes
                0x00000000000001df       0x34 ./Drivers/STM32F4xx_HAL_Driver/Src/stm32f4xx_hal_cortex.o
 .ARM.attributes
                0x0000000000000213       0x34 ./Drivers/STM32F4xx_HAL_Driver/Src/stm32f4xx_hal_dma.o
 .ARM.attributes
                0x0000000000000247       0x34 ./Drivers/STM32F4xx_HAL_Driver/Src/stm32f4xx_hal_gpio.o
 .ARM.attributes
                0x000000000000027b       0x34 ./Drivers/STM32F4xx_HAL_Driver/Src/stm32f4xx_hal_i2c.o
 .ARM.attributes
                0x00000000000002af       0x34 ./Drivers/STM32F4xx_HAL_Driver/Src/stm32f4xx_hal_rcc.o
 .ARM.attributes
                0x00000000000002e3       0x34 ./Drivers/STM32F4xx_HAL_Driver/Src/stm32f4xx_hal_uart.o
 .ARM.attributes
                0x0000000000000317       0x34 /home/mrem/Desktop/makeself_dir_k5fivQ/y/plugins/com.st.stm32cube.ide.mcu.externaltools.gnu-tools-for-stm32.9-2020-q2-update.linux64_2.0.0.202105311346/tools/bin/../lib/gcc/arm-none-eabi/9.3.1/../../../../arm-none-eabi/lib/thumb/v7e-m+fp/hard/libc_nano.a(lib_a-errno.o)
 .ARM.attributes
                0x000000000000034b       0x32 /home/mrem/Desktop/makeself_dir_k5fivQ/y/plugins/com.st.stm32cube.ide.mcu.externaltools.gnu-tools-for-stm32.9-2020-q2-update.linux64_2.0.0.202105311346/tools/bin/../lib/gcc/arm-none-eabi/9.3.1/../../../../arm-none-eabi/lib/thumb/v7e-m+fp/hard/libc_nano.a(lib_a-impure.o)
 .ARM.attributes
                0x000000000000037d       0x34 /home/mrem/Desktop/makeself_dir_k5fivQ/y/plugins/com.st.stm32cube.ide.mcu.externaltools.gnu-tools-for-stm32.9-2020-q2-update.linux64_2.0.0.202105311346/tools/bin/../lib/gcc/arm-none-eabi/9.3.1/../../../../arm-none-eabi/lib/thumb/v7e-m+fp/hard/libc_nano.a(lib_a-init.o)
 .ARM.attributes
                0x00000000000003b1       0x34 /home/mrem/Desktop/makeself_dir_k5fivQ/y/plugins/com.st.stm32cube.ide.mcu.externaltools.gnu-tools-for-stm32.9-2020-q2-update.linux64_2.0.0.202105311346/tools/bin/../lib/gcc/arm-none-eabi/9.3.1/../../../../arm-none-eabi/lib/thumb/v7e-m+fp/hard/libc_nano.a(lib_a-memset.o)
 .ARM.attributes
                0x00000000000003e5       0x34 /home/mrem/Desktop/makeself_dir_k5fivQ/y/plugins/com.st.stm32cube.ide.mcu.externaltools.gnu-tools-for-stm32.9-2020-q2-update.linux64_2.0.0.202105311346/tools/bin/../lib/gcc/arm-none-eabi/9.3.1/../../../../arm-none-eabi/lib/thumb/v7e-m+fp/hard/libc_nano.a(lib_a-sprintf.o)
 .ARM.attributes
                0x0000000000000419       0x17 /home/mrem/Desktop/makeself_dir_k5fivQ/y/plugins/com.st.stm32cube.ide.mcu.externaltools.gnu-tools-for-stm32.9-2020-q2-update.linux64_2.0.0.202105311346/tools/bin/../lib/gcc/arm-none-eabi/9.3.1/../../../../arm-none-eabi/lib/thumb/v7e-m+fp/hard/libc_nano.a(lib_a-strlen.o)
 .ARM.attributes
                0x0000000000000430       0x34 /home/mrem/Desktop/makeself_dir_k5fivQ/y/plugins/com.st.stm32cube.ide.mcu.externaltools.gnu-tools-for-stm32.9-2020-q2-update.linux64_2.0.0.202105311346/tools/bin/../lib/gcc/arm-none-eabi/9.3.1/../../../../arm-none-eabi/lib/thumb/v7e-m+fp/hard/libc_nano.a(lib_a-nano-svfprintf.o)
 .ARM.attributes
                0x0000000000000464       0x34 /home/mrem/Desktop/makeself_dir_k5fivQ/y/plugins/com.st.stm32cube.ide.mcu.externaltools.gnu-tools-for-stm32.9-2020-q2-update.linux64_2.0.0.202105311346/tools/bin/../lib/gcc/arm-none-eabi/9.3.1/../../../../arm-none-eabi/lib/thumb/v7e-m+fp/hard/libc_nano.a(lib_a-nano-vfprintf_i.o)
 .ARM.attributes
                0x0000000000000498       0x1c /home/mrem/Desktop/makeself_dir_k5fivQ/y/plugins/com.st.stm32cube.ide.mcu.externaltools.gnu-tools-for-stm32.9-2020-q2-update.linux64_2.0.0.202105311346/tools/bin/../lib/gcc/arm-none-eabi/9.3.1/../../../../arm-none-eabi/lib/thumb/v7e-m+fp/hard/libc_nano.a(lib_a-memchr.o)
 .ARM.attributes
                0x00000000000004b4       0x34 /home/mrem/Desktop/makeself_dir_k5fivQ/y/plugins/com.st.stm32cube.ide.mcu.externaltools.gnu-tools-for-stm32.9-2020-q2-update.linux64_2.0.0.202105311346/tools/bin/../lib/gcc/arm-none-eabi/9.3.1/../../../../arm-none-eabi/lib/thumb/v7e-m+fp/hard/libc_nano.a(lib_a-memcpy-stub.o)
 .ARM.attributes
                0x00000000000004e8       0x34 /home/mrem/Desktop/makeself_dir_k5fivQ/y/plugins/com.st.stm32cube.ide.mcu.externaltools.gnu-tools-for-stm32.9-2020-q2-update.linux64_2.0.0.202105311346/tools/bin/../lib/gcc/arm-none-eabi/9.3.1/../../../../arm-none-eabi/lib/thumb/v7e-m+fp/hard/libc_nano.a(lib_a-memmove.o)
 .ARM.attributes
                0x000000000000051c       0x34 /home/mrem/Desktop/makeself_dir_k5fivQ/y/plugins/com.st.stm32cube.ide.mcu.externaltools.gnu-tools-for-stm32.9-2020-q2-update.linux64_2.0.0.202105311346/tools/bin/../lib/gcc/arm-none-eabi/9.3.1/../../../../arm-none-eabi/lib/thumb/v7e-m+fp/hard/libc_nano.a(lib_a-nano-freer.o)
 .ARM.attributes
                0x0000000000000550       0x34 /home/mrem/Desktop/makeself_dir_k5fivQ/y/plugins/com.st.stm32cube.ide.mcu.externaltools.gnu-tools-for-stm32.9-2020-q2-update.linux64_2.0.0.202105311346/tools/bin/../lib/gcc/arm-none-eabi/9.3.1/../../../../arm-none-eabi/lib/thumb/v7e-m+fp/hard/libc_nano.a(lib_a-nano-mallocr.o)
 .ARM.attributes
                0x0000000000000584       0x34 /home/mrem/Desktop/makeself_dir_k5fivQ/y/plugins/com.st.stm32cube.ide.mcu.externaltools.gnu-tools-for-stm32.9-2020-q2-update.linux64_2.0.0.202105311346/tools/bin/../lib/gcc/arm-none-eabi/9.3.1/../../../../arm-none-eabi/lib/thumb/v7e-m+fp/hard/libc_nano.a(lib_a-nano-reallocr.o)
 .ARM.attributes
                0x00000000000005b8       0x34 /home/mrem/Desktop/makeself_dir_k5fivQ/y/plugins/com.st.stm32cube.ide.mcu.externaltools.gnu-tools-for-stm32.9-2020-q2-update.linux64_2.0.0.202105311346/tools/bin/../lib/gcc/arm-none-eabi/9.3.1/../../../../arm-none-eabi/lib/thumb/v7e-m+fp/hard/libc_nano.a(lib_a-sbrkr.o)
 .ARM.attributes
                0x00000000000005ec       0x34 /home/mrem/Desktop/makeself_dir_k5fivQ/y/plugins/com.st.stm32cube.ide.mcu.externaltools.gnu-tools-for-stm32.9-2020-q2-update.linux64_2.0.0.202105311346/tools/bin/../lib/gcc/arm-none-eabi/9.3.1/../../../../arm-none-eabi/lib/thumb/v7e-m+fp/hard/libc_nano.a(lib_a-mlock.o)
 .ARM.attributes
                0x0000000000000620       0x34 /home/mrem/Desktop/makeself_dir_k5fivQ/y/plugins/com.st.stm32cube.ide.mcu.externaltools.gnu-tools-for-stm32.9-2020-q2-update.linux64_2.0.0.202105311346/tools/bin/../lib/gcc/arm-none-eabi/9.3.1/../../../../arm-none-eabi/lib/thumb/v7e-m+fp/hard/libc_nano.a(lib_a-nano-msizer.o)
 .ARM.attributes
                0x0000000000000654       0x34 /home/mrem/Desktop/makeself_dir_k5fivQ/y/plugins/com.st.stm32cube.ide.mcu.externaltools.gnu-tools-for-stm32.9-2020-q2-update.linux64_2.0.0.202105311346/tools/bin/../lib/gcc/arm-none-eabi/9.3.1/../../../../arm-none-eabi/lib/thumb/v7e-m+fp/hard/libc_nano.a(lib_a-reent.o)
 .ARM.attributes
                0x0000000000000688       0x34 /home/mrem/Desktop/makeself_dir_k5fivQ/y/plugins/com.st.stm32cube.ide.mcu.externaltools.gnu-tools-for-stm32.9-2020-q2-update.linux64_2.0.0.202105311346/tools/bin/../lib/gcc/arm-none-eabi/9.3.1/../../../../arm-none-eabi/lib/thumb/v7e-m+fp/hard/libc_nano.a(lib_a-lock.o)
 .ARM.attributes
                0x00000000000006bc       0x34 /home/mrem/Desktop/makeself_dir_k5fivQ/y/plugins/com.st.stm32cube.ide.mcu.externaltools.gnu-tools-for-stm32.9-2020-q2-update.linux64_2.0.0.202105311346/tools/bin/../lib/gcc/arm-none-eabi/9.3.1/../../../../arm-none-eabi/lib/thumb/v7e-m+fp/hard/libm.a(lib_a-s_round.o)
 .ARM.attributes
                0x00000000000006f0       0x1e /home/mrem/Desktop/makeself_dir_k5fivQ/y/plugins/com.st.stm32cube.ide.mcu.externaltools.gnu-tools-for-stm32.9-2020-q2-update.linux64_2.0.0.202105311346/tools/bin/../lib/gcc/arm-none-eabi/9.3.1/thumb/v7e-m+fp/hard/libgcc.a(_arm_addsubdf3.o)
 .ARM.attributes
                0x000000000000070e       0x1e /home/mrem/Desktop/makeself_dir_k5fivQ/y/plugins/com.st.stm32cube.ide.mcu.externaltools.gnu-tools-for-stm32.9-2020-q2-update.linux64_2.0.0.202105311346/tools/bin/../lib/gcc/arm-none-eabi/9.3.1/thumb/v7e-m+fp/hard/libgcc.a(_arm_muldivdf3.o)
 .ARM.attributes
                0x000000000000072c       0x1e /home/mrem/Desktop/makeself_dir_k5fivQ/y/plugins/com.st.stm32cube.ide.mcu.externaltools.gnu-tools-for-stm32.9-2020-q2-update.linux64_2.0.0.202105311346/tools/bin/../lib/gcc/arm-none-eabi/9.3.1/thumb/v7e-m+fp/hard/libgcc.a(_arm_fixunsdfsi.o)
 .ARM.attributes
                0x000000000000074a       0x1e /home/mrem/Desktop/makeself_dir_k5fivQ/y/plugins/com.st.stm32cube.ide.mcu.externaltools.gnu-tools-for-stm32.9-2020-q2-update.linux64_2.0.0.202105311346/tools/bin/../lib/gcc/arm-none-eabi/9.3.1/thumb/v7e-m+fp/hard/libgcc.a(_aeabi_uldivmod.o)
 .ARM.attributes
                0x0000000000000768       0x34 /home/mrem/Desktop/makeself_dir_k5fivQ/y/plugins/com.st.stm32cube.ide.mcu.externaltools.gnu-tools-for-stm32.9-2020-q2-update.linux64_2.0.0.202105311346/tools/bin/../lib/gcc/arm-none-eabi/9.3.1/thumb/v7e-m+fp/hard/libgcc.a(_udivmoddi4.o)
 .ARM.attributes
                0x000000000000079c       0x1e /home/mrem/Desktop/makeself_dir_k5fivQ/y/plugins/com.st.stm32cube.ide.mcu.externaltools.gnu-tools-for-stm32.9-2020-q2-update.linux64_2.0.0.202105311346/tools/bin/../lib/gcc/arm-none-eabi/9.3.1/thumb/v7e-m+fp/hard/libgcc.a(_dvmd_tls.o)
 .ARM.attributes
                0x00000000000007ba       0x1e /home/mrem/Desktop/makeself_dir_k5fivQ/y/plugins/com.st.stm32cube.ide.mcu.externaltools.gnu-tools-for-stm32.9-2020-q2-update.linux64_2.0.0.202105311346/tools/bin/../lib/gcc/arm-none-eabi/9.3.1/thumb/v7e-m+fp/hard/crtn.o
OUTPUT(Laba6.elf elf32-littlearm)
LOAD linker stubs
LOAD /home/mrem/Desktop/makeself_dir_k5fivQ/y/plugins/com.st.stm32cube.ide.mcu.externaltools.gnu-tools-for-stm32.9-2020-q2-update.linux64_2.0.0.202105311346/tools/bin/../lib/gcc/arm-none-eabi/9.3.1/../../../../arm-none-eabi/lib/thumb/v7e-m+fp/hard/libc.a
LOAD /home/mrem/Desktop/makeself_dir_k5fivQ/y/plugins/com.st.stm32cube.ide.mcu.externaltools.gnu-tools-for-stm32.9-2020-q2-update.linux64_2.0.0.202105311346/tools/bin/../lib/gcc/arm-none-eabi/9.3.1/../../../../arm-none-eabi/lib/thumb/v7e-m+fp/hard/libm.a
LOAD /home/mrem/Desktop/makeself_dir_k5fivQ/y/plugins/com.st.stm32cube.ide.mcu.externaltools.gnu-tools-for-stm32.9-2020-q2-update.linux64_2.0.0.202105311346/tools/bin/../lib/gcc/arm-none-eabi/9.3.1/thumb/v7e-m+fp/hard/libgcc.a

.debug_info     0x0000000000000000     0xd922
 .debug_info    0x0000000000000000     0x1451 ./Core/Src/PWM_I2C.o
 .debug_info    0x0000000000001451     0x1204 ./Core/Src/main.o
 .debug_info    0x0000000000002655      0xf5c ./Core/Src/stm32f4xx_hal_msp.o
 .debug_info    0x00000000000035b1      0x70d ./Core/Src/stm32f4xx_it.o
 .debug_info    0x0000000000003cbe      0xa25 ./Core/Src/sysmem.o
 .debug_info    0x00000000000046e3      0x5a4 ./Core/Src/system_stm32f4xx.o
 .debug_info    0x0000000000004c87       0x22 ./Core/Startup/startup_stm32f407vgtx.o
 .debug_info    0x0000000000004ca9      0x9b2 ./Drivers/STM32F4xx_HAL_Driver/Src/stm32f4xx_hal.o
 .debug_info    0x000000000000565b      0xed7 ./Drivers/STM32F4xx_HAL_Driver/Src/stm32f4xx_hal_cortex.o
 .debug_info    0x0000000000006532      0x9f1 ./Drivers/STM32F4xx_HAL_Driver/Src/stm32f4xx_hal_dma.o
 .debug_info    0x0000000000006f23      0x83e ./Drivers/STM32F4xx_HAL_Driver/Src/stm32f4xx_hal_gpio.o
 .debug_info    0x0000000000007761     0x264d ./Drivers/STM32F4xx_HAL_Driver/Src/stm32f4xx_hal_i2c.o
 .debug_info    0x0000000000009dae      0x996 ./Drivers/STM32F4xx_HAL_Driver/Src/stm32f4xx_hal_rcc.o
 .debug_info    0x000000000000a744     0x31de ./Drivers/STM32F4xx_HAL_Driver/Src/stm32f4xx_hal_uart.o

.debug_abbrev   0x0000000000000000     0x1ce2
 .debug_abbrev  0x0000000000000000      0x281 ./Core/Src/PWM_I2C.o
 .debug_abbrev  0x0000000000000281      0x2de ./Core/Src/main.o
 .debug_abbrev  0x000000000000055f      0x1b5 ./Core/Src/stm32f4xx_hal_msp.o
 .debug_abbrev  0x0000000000000714      0x163 ./Core/Src/stm32f4xx_it.o
 .debug_abbrev  0x0000000000000877      0x1bf ./Core/Src/sysmem.o
 .debug_abbrev  0x0000000000000a36      0x145 ./Core/Src/system_stm32f4xx.o
 .debug_abbrev  0x0000000000000b7b       0x12 ./Core/Startup/startup_stm32f407vgtx.o
 .debug_abbrev  0x0000000000000b8d      0x1ed ./Drivers/STM32F4xx_HAL_Driver/Src/stm32f4xx_hal.o
 .debug_abbrev  0x0000000000000d7a      0x33c ./Drivers/STM32F4xx_HAL_Driver/Src/stm32f4xx_hal_cortex.o
 .debug_abbrev  0x00000000000010b6      0x259 ./Drivers/STM32F4xx_HAL_Driver/Src/stm32f4xx_hal_dma.o
 .debug_abbrev  0x000000000000130f      0x1f1 ./Drivers/STM32F4xx_HAL_Driver/Src/stm32f4xx_hal_gpio.o
 .debug_abbrev  0x0000000000001500      0x282 ./Drivers/STM32F4xx_HAL_Driver/Src/stm32f4xx_hal_i2c.o
 .debug_abbrev  0x0000000000001782      0x275 ./Drivers/STM32F4xx_HAL_Driver/Src/stm32f4xx_hal_rcc.o
 .debug_abbrev  0x00000000000019f7      0x2eb ./Drivers/STM32F4xx_HAL_Driver/Src/stm32f4xx_hal_uart.o

.debug_aranges  0x0000000000000000      0x9e8
 .debug_aranges
                0x0000000000000000       0x48 ./Core/Src/PWM_I2C.o
 .debug_aranges
                0x0000000000000048       0x70 ./Core/Src/main.o
 .debug_aranges
                0x00000000000000b8       0x40 ./Core/Src/stm32f4xx_hal_msp.o
 .debug_aranges
                0x00000000000000f8       0x68 ./Core/Src/stm32f4xx_it.o
 .debug_aranges
                0x0000000000000160       0x20 ./Core/Src/sysmem.o
 .debug_aranges
                0x0000000000000180       0x28 ./Core/Src/system_stm32f4xx.o
 .debug_aranges
                0x00000000000001a8       0x28 ./Core/Startup/startup_stm32f407vgtx.o
 .debug_aranges
                0x00000000000001d0       0xf0 ./Drivers/STM32F4xx_HAL_Driver/Src/stm32f4xx_hal.o
 .debug_aranges
                0x00000000000002c0      0x118 ./Drivers/STM32F4xx_HAL_Driver/Src/stm32f4xx_hal_cortex.o
 .debug_aranges
                0x00000000000003d8       0x90 ./Drivers/STM32F4xx_HAL_Driver/Src/stm32f4xx_hal_dma.o
 .debug_aranges
                0x0000000000000468       0x58 ./Drivers/STM32F4xx_HAL_Driver/Src/stm32f4xx_hal_gpio.o
 .debug_aranges
                0x00000000000004c0      0x2a0 ./Drivers/STM32F4xx_HAL_Driver/Src/stm32f4xx_hal_i2c.o
 .debug_aranges
                0x0000000000000760       0x88 ./Drivers/STM32F4xx_HAL_Driver/Src/stm32f4xx_hal_rcc.o
 .debug_aranges
                0x00000000000007e8      0x200 ./Drivers/STM32F4xx_HAL_Driver/Src/stm32f4xx_hal_uart.o

.debug_ranges   0x0000000000000000      0x968
 .debug_ranges  0x0000000000000000       0x38 ./Core/Src/PWM_I2C.o
 .debug_ranges  0x0000000000000038       0x60 ./Core/Src/main.o
 .debug_ranges  0x0000000000000098       0x30 ./Core/Src/stm32f4xx_hal_msp.o
 .debug_ranges  0x00000000000000c8       0x58 ./Core/Src/stm32f4xx_it.o
 .debug_ranges  0x0000000000000120       0x10 ./Core/Src/sysmem.o
 .debug_ranges  0x0000000000000130       0x18 ./Core/Src/system_stm32f4xx.o
 .debug_ranges  0x0000000000000148       0x20 ./Core/Startup/startup_stm32f407vgtx.o
 .debug_ranges  0x0000000000000168       0xe0 ./Drivers/STM32F4xx_HAL_Driver/Src/stm32f4xx_hal.o
 .debug_ranges  0x0000000000000248      0x108 ./Drivers/STM32F4xx_HAL_Driver/Src/stm32f4xx_hal_cortex.o
 .debug_ranges  0x0000000000000350       0x80 ./Drivers/STM32F4xx_HAL_Driver/Src/stm32f4xx_hal_dma.o
 .debug_ranges  0x00000000000003d0       0x48 ./Drivers/STM32F4xx_HAL_Driver/Src/stm32f4xx_hal_gpio.o
 .debug_ranges  0x0000000000000418      0x2b8 ./Drivers/STM32F4xx_HAL_Driver/Src/stm32f4xx_hal_i2c.o
 .debug_ranges  0x00000000000006d0       0x78 ./Drivers/STM32F4xx_HAL_Driver/Src/stm32f4xx_hal_rcc.o
 .debug_ranges  0x0000000000000748      0x220 ./Drivers/STM32F4xx_HAL_Driver/Src/stm32f4xx_hal_uart.o

.debug_macro    0x0000000000000000    0x20a80
 .debug_macro   0x0000000000000000      0x2c1 ./Core/Src/PWM_I2C.o
 .debug_macro   0x00000000000002c1      0xaa8 ./Core/Src/PWM_I2C.o
 .debug_macro   0x0000000000000d69       0x22 ./Core/Src/PWM_I2C.o
 .debug_macro   0x0000000000000d8b       0x4c ./Core/Src/PWM_I2C.o
 .debug_macro   0x0000000000000dd7       0x18 ./Core/Src/PWM_I2C.o
 .debug_macro   0x0000000000000def       0x94 ./Core/Src/PWM_I2C.o
 .debug_macro   0x0000000000000e83       0x3c ./Core/Src/PWM_I2C.o
 .debug_macro   0x0000000000000ebf       0x34 ./Core/Src/PWM_I2C.o
 .debug_macro   0x0000000000000ef3      0x174 ./Core/Src/PWM_I2C.o
 .debug_macro   0x0000000000001067       0x16 ./Core/Src/PWM_I2C.o
 .debug_macro   0x000000000000107d       0x43 ./Core/Src/PWM_I2C.o
 .debug_macro   0x00000000000010c0       0x57 ./Core/Src/PWM_I2C.o
 .debug_macro   0x0000000000001117       0x34 ./Core/Src/PWM_I2C.o
 .debug_macro   0x000000000000114b       0x10 ./Core/Src/PWM_I2C.o
 .debug_macro   0x000000000000115b       0x58 ./Core/Src/PWM_I2C.o
 .debug_macro   0x00000000000011b3       0x71 ./Core/Src/PWM_I2C.o
 .debug_macro   0x0000000000001224       0x1c ./Core/Src/PWM_I2C.o
 .debug_macro   0x0000000000001240      0x12a ./Core/Src/PWM_I2C.o
 .debug_macro   0x000000000000136a      0x339 ./Core/Src/PWM_I2C.o
 .debug_macro   0x00000000000016a3      0x1a9 ./Core/Src/PWM_I2C.o
 .debug_macro   0x000000000000184c       0x16 ./Core/Src/PWM_I2C.o
 .debug_macro   0x0000000000001862       0x35 ./Core/Src/PWM_I2C.o
 .debug_macro   0x0000000000001897       0x20 ./Core/Src/PWM_I2C.o
 .debug_macro   0x00000000000018b7      0x29b ./Core/Src/PWM_I2C.o
 .debug_macro   0x0000000000001b52       0x2e ./Core/Src/PWM_I2C.o
 .debug_macro   0x0000000000001b80       0x2f ./Core/Src/PWM_I2C.o
 .debug_macro   0x0000000000001baf      0x103 ./Core/Src/PWM_I2C.o
 .debug_macro   0x0000000000001cb2       0x6a ./Core/Src/PWM_I2C.o
 .debug_macro   0x0000000000001d1c      0x1df ./Core/Src/PWM_I2C.o
 .debug_macro   0x0000000000001efb       0x1c ./Core/Src/PWM_I2C.o
 .debug_macro   0x0000000000001f17       0x22 ./Core/Src/PWM_I2C.o
 .debug_macro   0x0000000000001f39       0xd9 ./Core/Src/PWM_I2C.o
 .debug_macro   0x0000000000002012     0x102d ./Core/Src/PWM_I2C.o
 .debug_macro   0x000000000000303f      0x11f ./Core/Src/PWM_I2C.o
 .debug_macro   0x000000000000315e    0x15e58 ./Core/Src/PWM_I2C.o
 .debug_macro   0x0000000000018fb6       0x6d ./Core/Src/PWM_I2C.o
 .debug_macro   0x0000000000019023     0x3666 ./Core/Src/PWM_I2C.o
 .debug_macro   0x000000000001c689       0x56 ./Core/Src/PWM_I2C.o
 .debug_macro   0x000000000001c6df      0x96b ./Core/Src/PWM_I2C.o
 .debug_macro   0x000000000001d04a      0x9fe ./Core/Src/PWM_I2C.o
 .debug_macro   0x000000000001da48      0x116 ./Core/Src/PWM_I2C.o
 .debug_macro   0x000000000001db5e      0x13e ./Core/Src/PWM_I2C.o
 .debug_macro   0x000000000001dc9c       0xa5 ./Core/Src/PWM_I2C.o
 .debug_macro   0x000000000001dd41      0x174 ./Core/Src/PWM_I2C.o
 .debug_macro   0x000000000001deb5      0x287 ./Core/Src/PWM_I2C.o
 .debug_macro   0x000000000001e13c       0x5f ./Core/Src/PWM_I2C.o
 .debug_macro   0x000000000001e19b      0x236 ./Core/Src/PWM_I2C.o
 .debug_macro   0x000000000001e3d1      0x12c ./Core/Src/PWM_I2C.o
 .debug_macro   0x000000000001e4fd      0x21e ./Core/Src/PWM_I2C.o
 .debug_macro   0x000000000001e71b       0x2e ./Core/Src/PWM_I2C.o
 .debug_macro   0x000000000001e749      0x1b5 ./Core/Src/PWM_I2C.o
 .debug_macro   0x000000000001e8fe       0xd6 ./Core/Src/PWM_I2C.o
 .debug_macro   0x000000000001e9d4      0x11a ./Core/Src/PWM_I2C.o
 .debug_macro   0x000000000001eaee       0x7e ./Core/Src/PWM_I2C.o
 .debug_macro   0x000000000001eb6c       0x89 ./Core/Src/PWM_I2C.o
 .debug_macro   0x000000000001ebf5      0x295 ./Core/Src/PWM_I2C.o
 .debug_macro   0x000000000001ee8a      0x12d ./Core/Src/PWM_I2C.o
 .debug_macro   0x000000000001efb7       0x10 ./Core/Src/PWM_I2C.o
 .debug_macro   0x000000000001efc7       0x34 ./Core/Src/PWM_I2C.o
 .debug_macro   0x000000000001effb      0x1e9 ./Core/Src/main.o
 .debug_macro   0x000000000001f1e4       0x8e ./Core/Src/main.o
 .debug_macro   0x000000000001f272       0x51 ./Core/Src/main.o
 .debug_macro   0x000000000001f2c3       0xdf ./Core/Src/main.o
 .debug_macro   0x000000000001f3a2       0x5c ./Core/Src/main.o
 .debug_macro   0x000000000001f3fe      0x1e3 ./Core/Src/stm32f4xx_hal_msp.o
 .debug_macro   0x000000000001f5e1      0x1ed ./Core/Src/stm32f4xx_it.o
 .debug_macro   0x000000000001f7ce       0xff ./Core/Src/sysmem.o
 .debug_macro   0x000000000001f8cd      0x23b ./Core/Src/sysmem.o
 .debug_macro   0x000000000001fb08      0x1d4 ./Core/Src/system_stm32f4xx.o
 .debug_macro   0x000000000001fcdc      0x234 ./Drivers/STM32F4xx_HAL_Driver/Src/stm32f4xx_hal.o
 .debug_macro   0x000000000001ff10      0x1d4 ./Drivers/STM32F4xx_HAL_Driver/Src/stm32f4xx_hal_cortex.o
 .debug_macro   0x00000000000200e4      0x1da ./Drivers/STM32F4xx_HAL_Driver/Src/stm32f4xx_hal_dma.o
 .debug_macro   0x00000000000202be      0x1da ./Drivers/STM32F4xx_HAL_Driver/Src/stm32f4xx_hal_gpio.o
 .debug_macro   0x0000000000020498      0x21b ./Drivers/STM32F4xx_HAL_Driver/Src/stm32f4xx_hal_i2c.o
 .debug_macro   0x00000000000206b3      0x1f8 ./Drivers/STM32F4xx_HAL_Driver/Src/stm32f4xx_hal_rcc.o
 .debug_macro   0x00000000000208ab      0x1d5 ./Drivers/STM32F4xx_HAL_Driver/Src/stm32f4xx_hal_uart.o

.debug_line     0x0000000000000000     0xd081
 .debug_line    0x0000000000000000      0x93a ./Core/Src/PWM_I2C.o
 .debug_line    0x000000000000093a      0x99d ./Core/Src/main.o
 .debug_line    0x00000000000012d7      0x779 ./Core/Src/stm32f4xx_hal_msp.o
 .debug_line    0x0000000000001a50      0x7b5 ./Core/Src/stm32f4xx_it.o
 .debug_line    0x0000000000002205      0x511 ./Core/Src/sysmem.o
 .debug_line    0x0000000000002716      0x75c ./Core/Src/system_stm32f4xx.o
 .debug_line    0x0000000000002e72       0x88 ./Core/Startup/startup_stm32f407vgtx.o
 .debug_line    0x0000000000002efa      0x9c2 ./Drivers/STM32F4xx_HAL_Driver/Src/stm32f4xx_hal.o
 .debug_line    0x00000000000038bc      0xc71 ./Drivers/STM32F4xx_HAL_Driver/Src/stm32f4xx_hal_cortex.o
 .debug_line    0x000000000000452d      0xf27 ./Drivers/STM32F4xx_HAL_Driver/Src/stm32f4xx_hal_dma.o
 .debug_line    0x0000000000005454      0xb38 ./Drivers/STM32F4xx_HAL_Driver/Src/stm32f4xx_hal_gpio.o
 .debug_line    0x0000000000005f8c     0x396e ./Drivers/STM32F4xx_HAL_Driver/Src/stm32f4xx_hal_i2c.o
 .debug_line    0x00000000000098fa      0xd3e ./Drivers/STM32F4xx_HAL_Driver/Src/stm32f4xx_hal_rcc.o
 .debug_line    0x000000000000a638     0x2a49 ./Drivers/STM32F4xx_HAL_Driver/Src/stm32f4xx_hal_uart.o

.debug_str      0x0000000000000000    0xc4e84
 .debug_str     0x0000000000000000    0xc1e46 ./Core/Src/PWM_I2C.o
                                      0xc2219 (size before relaxing)
 .debug_str     0x00000000000c1e46      0x3c3 ./Core/Src/main.o
                                      0xbeac3 (size before relaxing)
 .debug_str     0x00000000000c2209      0x548 ./Core/Src/stm32f4xx_hal_msp.o
                                      0xbed23 (size before relaxing)
 .debug_str     0x00000000000c2751       0xcf ./Core/Src/stm32f4xx_it.o
                                      0xbe4b2 (size before relaxing)
 .debug_str     0x00000000000c2820      0x4e9 ./Core/Src/sysmem.o
                                       0x6299 (size before relaxing)
 .debug_str     0x00000000000c2d09       0xaf ./Core/Src/system_stm32f4xx.o
                                      0xbe11b (size before relaxing)
 .debug_str     0x00000000000c2db8       0x36 ./Core/Startup/startup_stm32f407vgtx.o
                                         0x6a (size before relaxing)
 .debug_str     0x00000000000c2dee      0x58d ./Drivers/STM32F4xx_HAL_Driver/Src/stm32f4xx_hal.o
                                      0xbebfd (size before relaxing)
 .debug_str     0x00000000000c337b      0x399 ./Drivers/STM32F4xx_HAL_Driver/Src/stm32f4xx_hal_cortex.o
                                      0xbe9ec (size before relaxing)
 .debug_str     0x00000000000c3714      0x322 ./Drivers/STM32F4xx_HAL_Driver/Src/stm32f4xx_hal_dma.o
                                      0xbe545 (size before relaxing)
 .debug_str     0x00000000000c3a36      0x15f ./Drivers/STM32F4xx_HAL_Driver/Src/stm32f4xx_hal_gpio.o
                                      0xbe2c2 (size before relaxing)
 .debug_str     0x00000000000c3b95      0xabe ./Drivers/STM32F4xx_HAL_Driver/Src/stm32f4xx_hal_i2c.o
                                      0xbf09d (size before relaxing)
 .debug_str     0x00000000000c4653      0x24e ./Drivers/STM32F4xx_HAL_Driver/Src/stm32f4xx_hal_rcc.o
                                      0xbe51d (size before relaxing)
 .debug_str     0x00000000000c48a1      0x5e3 ./Drivers/STM32F4xx_HAL_Driver/Src/stm32f4xx_hal_uart.o
                                      0xbeaa3 (size before relaxing)

.comment        0x0000000000000000       0x53
 .comment       0x0000000000000000       0x53 ./Core/Src/PWM_I2C.o
                                         0x54 (size before relaxing)
 .comment       0x0000000000000053       0x54 ./Core/Src/main.o
 .comment       0x0000000000000053       0x54 ./Core/Src/stm32f4xx_hal_msp.o
 .comment       0x0000000000000053       0x54 ./Core/Src/stm32f4xx_it.o
 .comment       0x0000000000000053       0x54 ./Core/Src/sysmem.o
 .comment       0x0000000000000053       0x54 ./Core/Src/system_stm32f4xx.o
 .comment       0x0000000000000053       0x54 ./Drivers/STM32F4xx_HAL_Driver/Src/stm32f4xx_hal.o
 .comment       0x0000000000000053       0x54 ./Drivers/STM32F4xx_HAL_Driver/Src/stm32f4xx_hal_cortex.o
 .comment       0x0000000000000053       0x54 ./Drivers/STM32F4xx_HAL_Driver/Src/stm32f4xx_hal_dma.o
 .comment       0x0000000000000053       0x54 ./Drivers/STM32F4xx_HAL_Driver/Src/stm32f4xx_hal_gpio.o
 .comment       0x0000000000000053       0x54 ./Drivers/STM32F4xx_HAL_Driver/Src/stm32f4xx_hal_i2c.o
 .comment       0x0000000000000053       0x54 ./Drivers/STM32F4xx_HAL_Driver/Src/stm32f4xx_hal_rcc.o
 .comment       0x0000000000000053       0x54 ./Drivers/STM32F4xx_HAL_Driver/Src/stm32f4xx_hal_uart.o

.debug_frame    0x0000000000000000     0x2dd8
 .debug_frame   0x0000000000000000       0xd8 ./Core/Src/PWM_I2C.o
 .debug_frame   0x00000000000000d8      0x17c ./Core/Src/main.o
 .debug_frame   0x0000000000000254       0xc8 ./Core/Src/stm32f4xx_hal_msp.o
 .debug_frame   0x000000000000031c      0x120 ./Core/Src/stm32f4xx_it.o
 .debug_frame   0x000000000000043c       0x34 ./Core/Src/sysmem.o
 .debug_frame   0x0000000000000470       0x58 ./Core/Src/system_stm32f4xx.o
 .debug_frame   0x00000000000004c8      0x374 ./Drivers/STM32F4xx_HAL_Driver/Src/stm32f4xx_hal.o
 .debug_frame   0x000000000000083c      0x498 ./Drivers/STM32F4xx_HAL_Driver/Src/stm32f4xx_hal_cortex.o
 .debug_frame   0x0000000000000cd4      0x250 ./Drivers/STM32F4xx_HAL_Driver/Src/stm32f4xx_hal_dma.o
 .debug_frame   0x0000000000000f24      0x14c ./Drivers/STM32F4xx_HAL_Driver/Src/stm32f4xx_hal_gpio.o
 .debug_frame   0x0000000000001070      0xc5c ./Drivers/STM32F4xx_HAL_Driver/Src/stm32f4xx_hal_i2c.o
 .debug_frame   0x0000000000001ccc      0x1f0 ./Drivers/STM32F4xx_HAL_Driver/Src/stm32f4xx_hal_rcc.o
 .debug_frame   0x0000000000001ebc      0x92c ./Drivers/STM32F4xx_HAL_Driver/Src/stm32f4xx_hal_uart.o
 .debug_frame   0x00000000000027e8       0x20 /home/mrem/Desktop/makeself_dir_k5fivQ/y/plugins/com.st.stm32cube.ide.mcu.externaltools.gnu-tools-for-stm32.9-2020-q2-update.linux64_2.0.0.202105311346/tools/bin/../lib/gcc/arm-none-eabi/9.3.1/../../../../arm-none-eabi/lib/thumb/v7e-m+fp/hard/libc_nano.a(lib_a-errno.o)
 .debug_frame   0x0000000000002808       0x2c /home/mrem/Desktop/makeself_dir_k5fivQ/y/plugins/com.st.stm32cube.ide.mcu.externaltools.gnu-tools-for-stm32.9-2020-q2-update.linux64_2.0.0.202105311346/tools/bin/../lib/gcc/arm-none-eabi/9.3.1/../../../../arm-none-eabi/lib/thumb/v7e-m+fp/hard/libc_nano.a(lib_a-init.o)
 .debug_frame   0x0000000000002834       0x20 /home/mrem/Desktop/makeself_dir_k5fivQ/y/plugins/com.st.stm32cube.ide.mcu.externaltools.gnu-tools-for-stm32.9-2020-q2-update.linux64_2.0.0.202105311346/tools/bin/../lib/gcc/arm-none-eabi/9.3.1/../../../../arm-none-eabi/lib/thumb/v7e-m+fp/hard/libc_nano.a(lib_a-memset.o)
 .debug_frame   0x0000000000002854       0x6c /home/mrem/Desktop/makeself_dir_k5fivQ/y/plugins/com.st.stm32cube.ide.mcu.externaltools.gnu-tools-for-stm32.9-2020-q2-update.linux64_2.0.0.202105311346/tools/bin/../lib/gcc/arm-none-eabi/9.3.1/../../../../arm-none-eabi/lib/thumb/v7e-m+fp/hard/libc_nano.a(lib_a-sprintf.o)
 .debug_frame   0x00000000000028c0       0x90 /home/mrem/Desktop/makeself_dir_k5fivQ/y/plugins/com.st.stm32cube.ide.mcu.externaltools.gnu-tools-for-stm32.9-2020-q2-update.linux64_2.0.0.202105311346/tools/bin/../lib/gcc/arm-none-eabi/9.3.1/../../../../arm-none-eabi/lib/thumb/v7e-m+fp/hard/libc_nano.a(lib_a-nano-svfprintf.o)
 .debug_frame   0x0000000000002950       0x60 /home/mrem/Desktop/makeself_dir_k5fivQ/y/plugins/com.st.stm32cube.ide.mcu.externaltools.gnu-tools-for-stm32.9-2020-q2-update.linux64_2.0.0.202105311346/tools/bin/../lib/gcc/arm-none-eabi/9.3.1/../../../../arm-none-eabi/lib/thumb/v7e-m+fp/hard/libc_nano.a(lib_a-nano-vfprintf_i.o)
 .debug_frame   0x00000000000029b0       0x28 /home/mrem/Desktop/makeself_dir_k5fivQ/y/plugins/com.st.stm32cube.ide.mcu.externaltools.gnu-tools-for-stm32.9-2020-q2-update.linux64_2.0.0.202105311346/tools/bin/../lib/gcc/arm-none-eabi/9.3.1/../../../../arm-none-eabi/lib/thumb/v7e-m+fp/hard/libc_nano.a(lib_a-memcpy-stub.o)
 .debug_frame   0x00000000000029d8       0x28 /home/mrem/Desktop/makeself_dir_k5fivQ/y/plugins/com.st.stm32cube.ide.mcu.externaltools.gnu-tools-for-stm32.9-2020-q2-update.linux64_2.0.0.202105311346/tools/bin/../lib/gcc/arm-none-eabi/9.3.1/../../../../arm-none-eabi/lib/thumb/v7e-m+fp/hard/libc_nano.a(lib_a-memmove.o)
 .debug_frame   0x0000000000002a00       0x38 /home/mrem/Desktop/makeself_dir_k5fivQ/y/plugins/com.st.stm32cube.ide.mcu.externaltools.gnu-tools-for-stm32.9-2020-q2-update.linux64_2.0.0.202105311346/tools/bin/../lib/gcc/arm-none-eabi/9.3.1/../../../../arm-none-eabi/lib/thumb/v7e-m+fp/hard/libc_nano.a(lib_a-nano-freer.o)
 .debug_frame   0x0000000000002a38       0x30 /home/mrem/Desktop/makeself_dir_k5fivQ/y/plugins/com.st.stm32cube.ide.mcu.externaltools.gnu-tools-for-stm32.9-2020-q2-update.linux64_2.0.0.202105311346/tools/bin/../lib/gcc/arm-none-eabi/9.3.1/../../../../arm-none-eabi/lib/thumb/v7e-m+fp/hard/libc_nano.a(lib_a-nano-mallocr.o)
 .debug_frame   0x0000000000002a68       0x3c /home/mrem/Desktop/makeself_dir_k5fivQ/y/plugins/com.st.stm32cube.ide.mcu.externaltools.gnu-tools-for-stm32.9-2020-q2-update.linux64_2.0.0.202105311346/tools/bin/../lib/gcc/arm-none-eabi/9.3.1/../../../../arm-none-eabi/lib/thumb/v7e-m+fp/hard/libc_nano.a(lib_a-nano-reallocr.o)
 .debug_frame   0x0000000000002aa4       0x2c /home/mrem/Desktop/makeself_dir_k5fivQ/y/plugins/com.st.stm32cube.ide.mcu.externaltools.gnu-tools-for-stm32.9-2020-q2-update.linux64_2.0.0.202105311346/tools/bin/../lib/gcc/arm-none-eabi/9.3.1/../../../../arm-none-eabi/lib/thumb/v7e-m+fp/hard/libc_nano.a(lib_a-sbrkr.o)
 .debug_frame   0x0000000000002ad0       0x30 /home/mrem/Desktop/makeself_dir_k5fivQ/y/plugins/com.st.stm32cube.ide.mcu.externaltools.gnu-tools-for-stm32.9-2020-q2-update.linux64_2.0.0.202105311346/tools/bin/../lib/gcc/arm-none-eabi/9.3.1/../../../../arm-none-eabi/lib/thumb/v7e-m+fp/hard/libc_nano.a(lib_a-mlock.o)
 .debug_frame   0x0000000000002b00       0x20 /home/mrem/Desktop/makeself_dir_k5fivQ/y/plugins/com.st.stm32cube.ide.mcu.externaltools.gnu-tools-for-stm32.9-2020-q2-update.linux64_2.0.0.202105311346/tools/bin/../lib/gcc/arm-none-eabi/9.3.1/../../../../arm-none-eabi/lib/thumb/v7e-m+fp/hard/libc_nano.a(lib_a-nano-msizer.o)
 .debug_frame   0x0000000000002b20       0x5c /home/mrem/Desktop/makeself_dir_k5fivQ/y/plugins/com.st.stm32cube.ide.mcu.externaltools.gnu-tools-for-stm32.9-2020-q2-update.linux64_2.0.0.202105311346/tools/bin/../lib/gcc/arm-none-eabi/9.3.1/../../../../arm-none-eabi/lib/thumb/v7e-m+fp/hard/libc_nano.a(lib_a-reent.o)
 .debug_frame   0x0000000000002b7c       0xb0 /home/mrem/Desktop/makeself_dir_k5fivQ/y/plugins/com.st.stm32cube.ide.mcu.externaltools.gnu-tools-for-stm32.9-2020-q2-update.linux64_2.0.0.202105311346/tools/bin/../lib/gcc/arm-none-eabi/9.3.1/../../../../arm-none-eabi/lib/thumb/v7e-m+fp/hard/libc_nano.a(lib_a-lock.o)
 .debug_frame   0x0000000000002c2c       0x2c /home/mrem/Desktop/makeself_dir_k5fivQ/y/plugins/com.st.stm32cube.ide.mcu.externaltools.gnu-tools-for-stm32.9-2020-q2-update.linux64_2.0.0.202105311346/tools/bin/../lib/gcc/arm-none-eabi/9.3.1/../../../../arm-none-eabi/lib/thumb/v7e-m+fp/hard/libm.a(lib_a-s_round.o)
 .debug_frame   0x0000000000002c58       0xac /home/mrem/Desktop/makeself_dir_k5fivQ/y/plugins/com.st.stm32cube.ide.mcu.externaltools.gnu-tools-for-stm32.9-2020-q2-update.linux64_2.0.0.202105311346/tools/bin/../lib/gcc/arm-none-eabi/9.3.1/thumb/v7e-m+fp/hard/libgcc.a(_arm_addsubdf3.o)
 .debug_frame   0x0000000000002d04       0x50 /home/mrem/Desktop/makeself_dir_k5fivQ/y/plugins/com.st.stm32cube.ide.mcu.externaltools.gnu-tools-for-stm32.9-2020-q2-update.linux64_2.0.0.202105311346/tools/bin/../lib/gcc/arm-none-eabi/9.3.1/thumb/v7e-m+fp/hard/libgcc.a(_arm_muldivdf3.o)
 .debug_frame   0x0000000000002d54       0x24 /home/mrem/Desktop/makeself_dir_k5fivQ/y/plugins/com.st.stm32cube.ide.mcu.externaltools.gnu-tools-for-stm32.9-2020-q2-update.linux64_2.0.0.202105311346/tools/bin/../lib/gcc/arm-none-eabi/9.3.1/thumb/v7e-m+fp/hard/libgcc.a(_arm_fixunsdfsi.o)
 .debug_frame   0x0000000000002d78       0x2c /home/mrem/Desktop/makeself_dir_k5fivQ/y/plugins/com.st.stm32cube.ide.mcu.externaltools.gnu-tools-for-stm32.9-2020-q2-update.linux64_2.0.0.202105311346/tools/bin/../lib/gcc/arm-none-eabi/9.3.1/thumb/v7e-m+fp/hard/libgcc.a(_aeabi_uldivmod.o)
 .debug_frame   0x0000000000002da4       0x34 /home/mrem/Desktop/makeself_dir_k5fivQ/y/plugins/com.st.stm32cube.ide.mcu.externaltools.gnu-tools-for-stm32.9-2020-q2-update.linux64_2.0.0.202105311346/tools/bin/../lib/gcc/arm-none-eabi/9.3.1/thumb/v7e-m+fp/hard/libgcc.a(_udivmoddi4.o)
