main.c:80:6:SetLedState	32	static
main.c:92:6:UART_Led_Switch	16	static
main.c:105:6:Button_Led_Switch	16	static
main.c:115:7:ADC2Voltage	16	static
main.c:120:6:Send_Tempo	32	static
main.c:139:5:main	8	static
main.c:191:6:SystemClock_Config	88	static
main.c:230:13:MX_ADC1_Init	24	static
main.c:280:13:MX_TIM3_Init	48	static
main.c:328:13:MX_USART3_UART_Init	8	static
main.c:359:13:MX_DMA_Init	16	static
main.c:377:13:MX_GPIO_Init	48	static
main.c:415:6:HAL_GPIO_EXTI_Callback	16	static
main.c:434:6:HAL_TIM_PeriodElapsedCallback	16	static
main.c:446:6:Error_Handler	4	static,ignoring_inline_asm
