main.c:76:7:ADC2Voltage	16	static
main.c:81:6:check_EXT_temperature	16	static
main.c:92:6:check_INT_temperature	16	static
main.c:103:6:check_DC	8	static
main.c:118:5:main	16	static
main.c:191:6:SystemClock_Config	88	static
main.c:230:13:MX_ADC1_Init	24	static
main.c:296:13:MX_TIM4_Init	48	static
main.c:363:13:MX_DMA_Init	16	static
main.c:381:13:MX_GPIO_Init	48	static
main.c:404:6:HAL_ADC_ConvCpltCallback	16	static
main.c:408:6:HAL_TIM_PeriodElapsedCallback	16	static
main.c:429:6:Error_Handler	4	static,ignoring_inline_asm
